Archive member included to satisfy reference by file (symbol)

c:/users/xidon/program/arm_gcc/gcc-arm-none-eabi-10.3-2021.10/bin/../lib/gcc/arm-none-eabi/10.3.1/../../../../arm-none-eabi/lib/thumb/v7e-m+fp/hard\libc_nano.a(lib_a-errno.o)
                              .\build\gcc/sysmem.o (__errno)
c:/users/xidon/program/arm_gcc/gcc-arm-none-eabi-10.3-2021.10/bin/../lib/gcc/arm-none-eabi/10.3.1/../../../../arm-none-eabi/lib/thumb/v7e-m+fp/hard\libc_nano.a(lib_a-exit.o)
                              c:/users/xidon/program/arm_gcc/gcc-arm-none-eabi-10.3-2021.10/bin/../lib/gcc/arm-none-eabi/10.3.1/../../../../arm-none-eabi/lib/thumb/v7e-m+fp/hard/crt0.o (exit)
c:/users/xidon/program/arm_gcc/gcc-arm-none-eabi-10.3-2021.10/bin/../lib/gcc/arm-none-eabi/10.3.1/../../../../arm-none-eabi/lib/thumb/v7e-m+fp/hard\libc_nano.a(lib_a-impure.o)
                              c:/users/xidon/program/arm_gcc/gcc-arm-none-eabi-10.3-2021.10/bin/../lib/gcc/arm-none-eabi/10.3.1/../../../../arm-none-eabi/lib/thumb/v7e-m+fp/hard\libc_nano.a(lib_a-exit.o) (_global_impure_ptr)
c:/users/xidon/program/arm_gcc/gcc-arm-none-eabi-10.3-2021.10/bin/../lib/gcc/arm-none-eabi/10.3.1/../../../../arm-none-eabi/lib/thumb/v7e-m+fp/hard\libc_nano.a(lib_a-init.o)
                              c:/users/xidon/program/arm_gcc/gcc-arm-none-eabi-10.3-2021.10/bin/../lib/gcc/arm-none-eabi/10.3.1/../../../../arm-none-eabi/lib/thumb/v7e-m+fp/hard/crt0.o (__libc_init_array)
c:/users/xidon/program/arm_gcc/gcc-arm-none-eabi-10.3-2021.10/bin/../lib/gcc/arm-none-eabi/10.3.1/../../../../arm-none-eabi/lib/thumb/v7e-m+fp/hard\libc_nano.a(lib_a-memcpy-stub.o)
                              .\build\gcc/queue.o (memcpy)
c:/users/xidon/program/arm_gcc/gcc-arm-none-eabi-10.3-2021.10/bin/../lib/gcc/arm-none-eabi/10.3.1/../../../../arm-none-eabi/lib/thumb/v7e-m+fp/hard\libc_nano.a(lib_a-memset.o)
                              c:/users/xidon/program/arm_gcc/gcc-arm-none-eabi-10.3-2021.10/bin/../lib/gcc/arm-none-eabi/10.3.1/../../../../arm-none-eabi/lib/thumb/v7e-m+fp/hard/crt0.o (memset)
c:/users/xidon/program/arm_gcc/gcc-arm-none-eabi-10.3-2021.10/bin/../lib/gcc/arm-none-eabi/10.3.1/../../../../arm-none-eabi/lib/thumb/v7e-m+fp/hard\libc_nano.a(lib_a-printf.o)
                              .\build\gcc/main.o (printf)
c:/users/xidon/program/arm_gcc/gcc-arm-none-eabi-10.3-2021.10/bin/../lib/gcc/arm-none-eabi/10.3.1/../../../../arm-none-eabi/lib/thumb/v7e-m+fp/hard\libc_nano.a(lib_a-puts.o)
                              .\build\gcc/main.o (puts)
c:/users/xidon/program/arm_gcc/gcc-arm-none-eabi-10.3-2021.10/bin/../lib/gcc/arm-none-eabi/10.3.1/../../../../arm-none-eabi/lib/thumb/v7e-m+fp/hard\libc_nano.a(lib_a-wbuf.o)
                              c:/users/xidon/program/arm_gcc/gcc-arm-none-eabi-10.3-2021.10/bin/../lib/gcc/arm-none-eabi/10.3.1/../../../../arm-none-eabi/lib/thumb/v7e-m+fp/hard\libc_nano.a(lib_a-puts.o) (__swbuf_r)
c:/users/xidon/program/arm_gcc/gcc-arm-none-eabi-10.3-2021.10/bin/../lib/gcc/arm-none-eabi/10.3.1/../../../../arm-none-eabi/lib/thumb/v7e-m+fp/hard\libc_nano.a(lib_a-wsetup.o)
                              c:/users/xidon/program/arm_gcc/gcc-arm-none-eabi-10.3-2021.10/bin/../lib/gcc/arm-none-eabi/10.3.1/../../../../arm-none-eabi/lib/thumb/v7e-m+fp/hard\libc_nano.a(lib_a-puts.o) (__swsetup_r)
c:/users/xidon/program/arm_gcc/gcc-arm-none-eabi-10.3-2021.10/bin/../lib/gcc/arm-none-eabi/10.3.1/../../../../arm-none-eabi/lib/thumb/v7e-m+fp/hard\libc_nano.a(lib_a-fflush.o)
                              c:/users/xidon/program/arm_gcc/gcc-arm-none-eabi-10.3-2021.10/bin/../lib/gcc/arm-none-eabi/10.3.1/../../../../arm-none-eabi/lib/thumb/v7e-m+fp/hard\libc_nano.a(lib_a-wbuf.o) (_fflush_r)
c:/users/xidon/program/arm_gcc/gcc-arm-none-eabi-10.3-2021.10/bin/../lib/gcc/arm-none-eabi/10.3.1/../../../../arm-none-eabi/lib/thumb/v7e-m+fp/hard\libc_nano.a(lib_a-findfp.o)
                              c:/users/xidon/program/arm_gcc/gcc-arm-none-eabi-10.3-2021.10/bin/../lib/gcc/arm-none-eabi/10.3.1/../../../../arm-none-eabi/lib/thumb/v7e-m+fp/hard\libc_nano.a(lib_a-printf.o) (__sinit)
c:/users/xidon/program/arm_gcc/gcc-arm-none-eabi-10.3-2021.10/bin/../lib/gcc/arm-none-eabi/10.3.1/../../../../arm-none-eabi/lib/thumb/v7e-m+fp/hard\libc_nano.a(lib_a-fwalk.o)
                              c:/users/xidon/program/arm_gcc/gcc-arm-none-eabi-10.3-2021.10/bin/../lib/gcc/arm-none-eabi/10.3.1/../../../../arm-none-eabi/lib/thumb/v7e-m+fp/hard\libc_nano.a(lib_a-findfp.o) (_fwalk)
c:/users/xidon/program/arm_gcc/gcc-arm-none-eabi-10.3-2021.10/bin/../lib/gcc/arm-none-eabi/10.3.1/../../../../arm-none-eabi/lib/thumb/v7e-m+fp/hard\libc_nano.a(lib_a-lock.o)
                              c:/users/xidon/program/arm_gcc/gcc-arm-none-eabi-10.3-2021.10/bin/../lib/gcc/arm-none-eabi/10.3.1/../../../../arm-none-eabi/lib/thumb/v7e-m+fp/hard\libc_nano.a(lib_a-findfp.o) (__retarget_lock_init_recursive)
[...]
Memory Configuration

Name             Origin             Length             Attributes
RAM              0x20000000         0x00020000         xrw
CCMRAM           0x10000000         0x00010000         xrw
FLASH            0x08000000         0x00100000         xr
*default*        0x00000000         0xffffffff

Linker script and memory map

LOAD c:/users/xidon/program/arm_gcc/gcc-arm-none-eabi-10.3-2021.10/bin/../lib/gcc/arm-none-eabi/10.3.1/thumb/v7e-m+fp/hard/crti.o
LOAD c:/users/xidon/program/arm_gcc/gcc-arm-none-eabi-10.3-2021.10/bin/../lib/gcc/arm-none-eabi/10.3.1/thumb/v7e-m+fp/hard/crtbegin.o
LOAD c:/users/xidon/program/arm_gcc/gcc-arm-none-eabi-10.3-2021.10/bin/../lib/gcc/arm-none-eabi/10.3.1/../../../../arm-none-eabi/lib/thumb/v7e-m+fp/hard/crt0.o
LOAD .\build\gcc/main.o
LOAD .\build\gcc/stm32f4xx_it.o
LOAD .\build\gcc/gpio.o
LOAD .\build\gcc/usart.o
LOAD .\build\gcc/stm32f4xx_hal_msp.o
LOAD .\build\gcc/stm32f4xx_hal_timebase_tim.o
LOAD .\build\gcc/stm32f4xx_hal_tim.o
LOAD .\build\gcc/stm32f4xx_hal_tim_ex.o
LOAD .\build\gcc/stm32f4xx_hal_uart.o
LOAD .\build\gcc/stm32f4xx_hal_rcc.o
LOAD .\build\gcc/stm32f4xx_hal_rcc_ex.o
LOAD .\build\gcc/stm32f4xx_hal_flash.o
LOAD .\build\gcc/stm32f4xx_hal_flash_ex.o
LOAD .\build\gcc/stm32f4xx_hal_flash_ramfunc.o
LOAD .\build\gcc/stm32f4xx_hal_gpio.o
LOAD .\build\gcc/stm32f4xx_hal_dma_ex.o
LOAD .\build\gcc/stm32f4xx_hal_dma.o
LOAD .\build\gcc/stm32f4xx_hal_pwr.o
LOAD .\build\gcc/stm32f4xx_hal_pwr_ex.o
LOAD .\build\gcc/stm32f4xx_hal_cortex.o
LOAD .\build\gcc/stm32f4xx_hal.o
LOAD .\build\gcc/stm32f4xx_hal_exti.o
LOAD .\build\gcc/system_stm32f4xx.o
LOAD .\build\gcc/tracer.o
LOAD .\build\gcc/list.o
LOAD .\build\gcc/queue.o
LOAD .\build\gcc/tasks.o
LOAD .\build\gcc/timers.o
LOAD .\build\gcc/croutine.o
LOAD .\build\gcc/event_groups.o
LOAD .\build\gcc/heap_4.o
LOAD .\build\gcc/port.o
LOAD .\build\gcc/sysmem.o
LOAD .\build\gcc/syscalls.o
LOAD .\build\gcc/startup_stm32f405xx.o
LOAD .\build\gcc/tracer_gcc.o
LOAD c:/users/xidon/program/arm_gcc/gcc-arm-none-eabi-10.3-2021.10/bin/../lib/gcc/arm-none-eabi/10.3.1/../../../../arm-none-eabi/lib/thumb/v7e-m+fp/hard\libc_nano.a
LOAD c:/users/xidon/program/arm_gcc/gcc-arm-none-eabi-10.3-2021.10/bin/../lib/gcc/arm-none-eabi/10.3.1/../../../../arm-none-eabi/lib/thumb/v7e-m+fp/hard\libm.a
LOAD c:/users/xidon/program/arm_gcc/gcc-arm-none-eabi-10.3-2021.10/bin/../lib/gcc/arm-none-eabi/10.3.1/../../../../arm-none-eabi/lib/thumb/v7e-m+fp/hard\libnosys.a
START GROUP
LOAD c:/users/xidon/program/arm_gcc/gcc-arm-none-eabi-10.3-2021.10/bin/../lib/gcc/arm-none-eabi/10.3.1/thumb/v7e-m+fp/hard\libgcc.a
LOAD c:/users/xidon/program/arm_gcc/gcc-arm-none-eabi-10.3-2021.10/bin/../lib/gcc/arm-none-eabi/10.3.1/../../../../arm-none-eabi/lib/thumb/v7e-m+fp/hard\libc_nano.a
END GROUP
START GROUP
LOAD c:/users/xidon/program/arm_gcc/gcc-arm-none-eabi-10.3-2021.10/bin/../lib/gcc/arm-none-eabi/10.3.1/thumb/v7e-m+fp/hard\libgcc.a
LOAD c:/users/xidon/program/arm_gcc/gcc-arm-none-eabi-10.3-2021.10/bin/../lib/gcc/arm-none-eabi/10.3.1/../../../../arm-none-eabi/lib/thumb/v7e-m+fp/hard\libc_nano.a
END GROUP
LOAD c:/users/xidon/program/arm_gcc/gcc-arm-none-eabi-10.3-2021.10/bin/../lib/gcc/arm-none-eabi/10.3.1/thumb/v7e-m+fp/hard/crtend.o
LOAD c:/users/xidon/program/arm_gcc/gcc-arm-none-eabi-10.3-2021.10/bin/../lib/gcc/arm-none-eabi/10.3.1/thumb/v7e-m+fp/hard/crtn.o
                0x200098f8                _estack = (ORIGIN (RAM) + LENGTH (RAM))
                0x00000800                _Min_Heap_Size = 0x800
                0x00000800                _Min_Stack_Size = 0x800

.isr_vector     0x08000000      0x188
                0x08000000                . = ALIGN (0x4)
 *(.isr_vector)
 .isr_vector    0x08000000      0x188 .\build\gcc/startup_stm32f405xx.o
                0x08000000                g_pfnVectors
                0x08000188                . = ALIGN (0x4)

.text           0x08000190     0x4948
                0x08000190                . = ALIGN (0x4)
                0x08000190                _stext = .
 *(.text)
 .text          0x08000190       0x40 c:/users/xidon/program/arm_gcc/gcc-arm-none-eabi-10.3-2021.10/bin/../lib/gcc/arm-none-eabi/10.3.1/thumb/v7e-m+fp/hard/crtbegin.o
 .text          0x080001d0       0xdc .\build\gcc/tracer_gcc.o
                0x080001d0                NMI_Handler
                0x080001f4                HardFault_Handler
                0x08000218                MemManage_Handler
                0x0800023c                BusFault_Handler
                0x08000260                UsageFault_Handler
                0x08000284                SecureFault_Handler
 *fill*         0x080002ac        0x4 
 .text          0x080002b0       0xa0 c:/users/xidon/program/arm_gcc/gcc-arm-none-eabi-10.3-2021.10/bin/../lib/gcc/arm-none-eabi/10.3.1/../../../../arm-none-eabi/lib/thumb/v7e-m+fp/hard\libc_nano.a(lib_a-memchr.o)
                0x080002b0                memchr
 .text          0x08000350       0x30 c:/users/xidon/program/arm_gcc/gcc-arm-none-eabi-10.3-2021.10/bin/../lib/gcc/arm-none-eabi/10.3.1/thumb/v7e-m+fp/hard\libgcc.a(_aeabi_uldivmod.o)
                0x08000350                __aeabi_uldivmod
 .text          0x08000380      0x2d0 c:/users/xidon/program/arm_gcc/gcc-arm-none-eabi-10.3-2021.10/bin/../lib/gcc/arm-none-eabi/10.3.1/thumb/v7e-m+fp/hard\libgcc.a(_udivmoddi4.o)
                0x08000380                __udivmoddi4
 .text          0x08000650        0x4 c:/users/xidon/program/arm_gcc/gcc-arm-none-eabi-10.3-2021.10/bin/../lib/gcc/arm-none-eabi/10.3.1/thumb/v7e-m+fp/hard\libgcc.a(_dvmd_tls.o)
                0x08000650                __aeabi_idiv0
                0x08000650                __aeabi_ldiv0
 *(.text*)
 .text.main_task_init
                0x08000654       0x44 .\build\gcc/main.o
 .text.__io_putchar
                0x08000698       0x20 .\build\gcc/main.o
                0x08000698                __io_putchar
 .text.tracer_on_fault
                0x080006b8       0x1c .\build\gcc/main.o
                0x080006b8                tracer_on_fault
 .text.test0    0x080006d4       0x18 .\build\gcc/main.o
                0x080006d4                test0
 .text.test1    0x080006ec       0x18 .\build\gcc/main.o
                0x080006ec                test1
 .text.test2    0x08000704       0x18 .\build\gcc/main.o
                0x08000704                test2
 .text.test3    0x0800071c       0x18 .\build\gcc/main.o
                0x0800071c                test3
 .text.test4    0x08000734       0x18 .\build\gcc/main.o
                0x08000734                test4
 .text.test5    0x0800074c       0x18 .\build\gcc/main.o
                0x0800074c                test5
 .text.main_task_entry
                0x08000764       0x24 .\build\gcc/main.o
 .text.main     0x08000788       0x2c .\build\gcc/main.o
                0x08000788                main
 .text.SVC_Handler
                0x080007b4        0x8 .\build\gcc/stm32f4xx_it.o
                0x080007b4                SVC_Handler
 .text.DebugMon_Handler
                0x080007bc        0x2 .\build\gcc/stm32f4xx_it.o
                0x080007bc                DebugMon_Handler
 .text.PendSV_Handler
                0x080007be        0x8 .\build\gcc/stm32f4xx_it.o
                0x080007be                PendSV_Handler
 .text.SysTick_Handler
                0x080007c6       0x12 .\build\gcc/stm32f4xx_it.o
                0x080007c6                SysTick_Handler
 .text.TIM2_IRQHandler
                0x080007d8       0x14 .\build\gcc/stm32f4xx_it.o
                0x080007d8                TIM2_IRQHandler
 .text.USART1_IRQHandler
                0x080007ec       0x10 .\build\gcc/stm32f4xx_it.o
                0x080007ec                USART1_IRQHandler
 .text.Error_Handler
                0x080007fc       0x18 .\build\gcc/stm32f4xx_it.o
                0x080007fc                Error_Handler
 .text.assert_failed
                0x08000814       0x18 .\build\gcc/stm32f4xx_it.o
                0x08000814                assert_failed
 .text.MX_GPIO_Init
                0x0800082c       0x4c .\build\gcc/gpio.o
                0x0800082c                MX_GPIO_Init
 .text.MX_USART1_UART_Init
                0x08000878       0x34 .\build\gcc/usart.o
                0x08000878                MX_USART1_UART_Init
 .text.HAL_UART_MspInit
                0x080008ac       0x80 .\build\gcc/usart.o
                0x080008ac                HAL_UART_MspInit
 .text.HAL_MspInit
                0x0800092c       0x38 .\build\gcc/stm32f4xx_hal_msp.o
                0x0800092c                HAL_MspInit
 .text.HAL_InitTick
                0x08000964       0xa4 .\build\gcc/stm32f4xx_hal_timebase_tim.o
                0x08000964                HAL_InitTick
 .text.HAL_TIM_Base_MspInit
                0x08000a08        0x2 .\build\gcc/stm32f4xx_hal_tim.o
                0x08000a08                HAL_TIM_Base_MspInit
 *fill*         0x08000a0a        0x2 
 .text.HAL_TIM_Base_Start_IT
                0x08000a0c      0x108 .\build\gcc/stm32f4xx_hal_tim.o
                0x08000a0c                HAL_TIM_Base_Start_IT
 .text.HAL_TIM_PeriodElapsedCallback
                0x08000b14        0x2 .\build\gcc/stm32f4xx_hal_tim.o
                0x08000b14                HAL_TIM_PeriodElapsedCallback
 .text.HAL_TIM_OC_DelayElapsedCallback
                0x08000b16        0x2 .\build\gcc/stm32f4xx_hal_tim.o
                0x08000b16                HAL_TIM_OC_DelayElapsedCallback
 .text.HAL_TIM_IC_CaptureCallback
                0x08000b18        0x2 .\build\gcc/stm32f4xx_hal_tim.o
                0x08000b18                HAL_TIM_IC_CaptureCallback
 .text.HAL_TIM_PWM_PulseFinishedCallback
                0x08000b1a        0x2 .\build\gcc/stm32f4xx_hal_tim.o
                0x08000b1a                HAL_TIM_PWM_PulseFinishedCallback
 .text.HAL_TIM_TriggerCallback
                0x08000b1c        0x2 .\build\gcc/stm32f4xx_hal_tim.o
                0x08000b1c                HAL_TIM_TriggerCallback
 .text.HAL_TIM_IRQHandler
                0x08000b1e      0x15e .\build\gcc/stm32f4xx_hal_tim.o
                0x08000b1e                HAL_TIM_IRQHandler
 .text.TIM_Base_SetConfig
                0x08000c7c       0xd8 .\build\gcc/stm32f4xx_hal_tim.o
                0x08000c7c                TIM_Base_SetConfig
 .text.HAL_TIM_Base_Init
                0x08000d54      0x168 .\build\gcc/stm32f4xx_hal_tim.o
                0x08000d54                HAL_TIM_Base_Init
 .text.HAL_TIMEx_CommutCallback
                0x08000ebc        0x2 .\build\gcc/stm32f4xx_hal_tim_ex.o
                0x08000ebc                HAL_TIMEx_CommutCallback
 .text.HAL_TIMEx_BreakCallback
                0x08000ebe        0x2 .\build\gcc/stm32f4xx_hal_tim_ex.o
                0x08000ebe                HAL_TIMEx_BreakCallback
 .text.UART_EndRxTransfer
                0x08000ec0       0x5c .\build\gcc/stm32f4xx_hal_uart.o
 .text.UART_Transmit_IT
                0x08000f1c       0x60 .\build\gcc/stm32f4xx_hal_uart.o
 .text.UART_SetConfig
                0x08000f7c      0x174 .\build\gcc/stm32f4xx_hal_uart.o
 .text.UART_WaitOnFlagUntilTimeout
                0x080010f0       0x8a .\build\gcc/stm32f4xx_hal_uart.o
 *fill*         0x0800117a        0x2 
 .text.HAL_UART_Init
                0x0800117c      0x12c .\build\gcc/stm32f4xx_hal_uart.o
                0x0800117c                HAL_UART_Init
 .text.HAL_UART_Transmit
                0x080012a8       0xcc .\build\gcc/stm32f4xx_hal_uart.o
                0x080012a8                HAL_UART_Transmit
 .text.HAL_UART_TxCpltCallback
                0x08001374        0x2 .\build\gcc/stm32f4xx_hal_uart.o
                0x08001374                HAL_UART_TxCpltCallback
 .text.UART_EndTransmit_IT
                0x08001376       0x1a .\build\gcc/stm32f4xx_hal_uart.o
 .text.HAL_UART_RxCpltCallback
                0x08001390        0x2 .\build\gcc/stm32f4xx_hal_uart.o
                0x08001390                HAL_UART_RxCpltCallback
 .text.HAL_UART_ErrorCallback
                0x08001392        0x2 .\build\gcc/stm32f4xx_hal_uart.o
                0x08001392                HAL_UART_ErrorCallback
 .text.UART_DMAAbortOnError
                0x08001394       0x10 .\build\gcc/stm32f4xx_hal_uart.o
 .text.HAL_UARTEx_RxEventCallback
                0x080013a4        0x2 .\build\gcc/stm32f4xx_hal_uart.o
                0x080013a4                HAL_UARTEx_RxEventCallback
 .text.UART_Receive_IT
                0x080013a6       0xe6 .\build\gcc/stm32f4xx_hal_uart.o
 .text.HAL_UART_IRQHandler
                0x0800148c      0x288 .\build\gcc/stm32f4xx_hal_uart.o
                0x0800148c                HAL_UART_IRQHandler
 .text.HAL_RCC_GetHCLKFreq
                0x08001714        0xc .\build\gcc/stm32f4xx_hal_rcc.o
                0x08001714                HAL_RCC_GetHCLKFreq
 .text.HAL_RCC_GetPCLK1Freq
                0x08001720       0x20 .\build\gcc/stm32f4xx_hal_rcc.o
                0x08001720                HAL_RCC_GetPCLK1Freq
 .text.HAL_RCC_GetPCLK2Freq
                0x08001740       0x20 .\build\gcc/stm32f4xx_hal_rcc.o
                0x08001740                HAL_RCC_GetPCLK2Freq
 .text.HAL_RCC_GetClockConfig
                0x08001760       0x3c .\build\gcc/stm32f4xx_hal_rcc.o
                0x08001760                HAL_RCC_GetClockConfig
 .text.HAL_GPIO_Init
                0x0800179c      0x2e8 .\build\gcc/stm32f4xx_hal_gpio.o
                0x0800179c                HAL_GPIO_Init
 .text.HAL_DMA_Abort
                0x08001a84       0x94 .\build\gcc/stm32f4xx_hal_dma.o
                0x08001a84                HAL_DMA_Abort
 .text.HAL_DMA_Abort_IT
                0x08001b18       0x26 .\build\gcc/stm32f4xx_hal_dma.o
                0x08001b18                HAL_DMA_Abort_IT
 *fill*         0x08001b3e        0x2 
 .text.HAL_NVIC_SetPriorityGrouping
                0x08001b40       0x3c .\build\gcc/stm32f4xx_hal_cortex.o
                0x08001b40                HAL_NVIC_SetPriorityGrouping
 .text.HAL_NVIC_SetPriority
                0x08001b7c       0x8c .\build\gcc/stm32f4xx_hal_cortex.o
                0x08001b7c                HAL_NVIC_SetPriority
 .text.HAL_NVIC_EnableIRQ
                0x08001c08       0x30 .\build\gcc/stm32f4xx_hal_cortex.o
                0x08001c08                HAL_NVIC_EnableIRQ
 .text.HAL_Init
                0x08001c38       0x34 .\build\gcc/stm32f4xx_hal.o
                0x08001c38                HAL_Init
 .text.HAL_IncTick
                0x08001c6c       0x18 .\build\gcc/stm32f4xx_hal.o
                0x08001c6c                HAL_IncTick
 .text.HAL_GetTick
                0x08001c84        0xc .\build\gcc/stm32f4xx_hal.o
                0x08001c84                HAL_GetTick
 .text.HAL_Delay
                0x08001c90       0x28 .\build\gcc/stm32f4xx_hal.o
                0x08001c90                HAL_Delay
 .text.SystemInit
                0x08001cb8       0x14 .\build\gcc/system_stm32f4xx.o
                0x08001cb8                SystemInit
 .text.tracer_exc_name
                0x08001ccc       0x70 .\build\gcc/tracer.o
 .text.tracer_fault_name
                0x08001d3c       0x3c .\build\gcc/tracer.o
 .text.tracer_is_bl_or_blx
                0x08001d78       0x2c .\build\gcc/tracer.o
 .text.tracer_scan_callstack
                0x08001da4       0x68 .\build\gcc/tracer.o
 .text.tracer_stack_limit
                0x08001e0c        0x8 .\build\gcc/tracer.o
                0x08001e0c                tracer_stack_limit
 .text.tracer_init
                0x08001e14       0x3c .\build\gcc/tracer.o
                0x08001e14                tracer_init
 .text.tracer_trigger_unalign
                0x08001e50       0x18 .\build\gcc/tracer.o
                0x08001e50                tracer_trigger_unalign
 .text.tracer_fault_handler
                0x08001e68      0x1e8 .\build\gcc/tracer.o
                0x08001e68                tracer_fault_handler
 .text.vListInitialise
                0x08002050       0x1a .\build\gcc/list.o
                0x08002050                vListInitialise
 .text.vListInitialiseItem
                0x0800206a        0x6 .\build\gcc/list.o
                0x0800206a                vListInitialiseItem
 .text.vListInsert
                0x08002070       0x32 .\build\gcc/list.o
                0x08002070                vListInsert
 .text.uxListRemove
                0x080020a2       0x24 .\build\gcc/list.o
                0x080020a2                uxListRemove
 .text.prvIsQueueEmpty
                0x080020c6       0x1a .\build\gcc/queue.o
 .text.prvCopyDataToQueue
                0x080020e0       0x76 .\build\gcc/queue.o
 .text.prvCopyDataFromQueue
                0x08002156       0x24 .\build\gcc/queue.o
 .text.prvNotifyQueueSetContainer
                0x0800217a       0x58 .\build\gcc/queue.o
 .text.prvUnlockQueue
                0x080021d2       0x82 .\build\gcc/queue.o
 .text.xQueueGenericReset
                0x08002254       0x96 .\build\gcc/queue.o
                0x08002254                xQueueGenericReset
 .text.prvInitialiseNewQueue
                0x080022ea       0x26 .\build\gcc/queue.o
 .text.xQueueGenericCreateStatic
                0x08002310       0x3e .\build\gcc/queue.o
                0x08002310                xQueueGenericCreateStatic
 .text.xQueueReceive
                0x0800234e      0x110 .\build\gcc/queue.o
                0x0800234e                xQueueReceive
 .text.vQueueWaitForMessageRestricted
                0x0800245e       0x52 .\build\gcc/queue.o
                0x0800245e                vQueueWaitForMessageRestricted
 .text.prvGetExpectedIdleTime
                0x080024b0       0x44 .\build\gcc/tasks.o
 .text.prvResetNextTaskUnblockTime
                0x080024f4       0x28 .\build\gcc/tasks.o
 .text.prvInitialiseNewTask
                0x0800251c       0x96 .\build\gcc/tasks.o
 .text.prvCreateStaticTask
                0x080025b2       0x52 .\build\gcc/tasks.o
 .text.prvInitialiseTaskLists
                0x08002604       0x68 .\build\gcc/tasks.o
 .text.prvAddNewTaskToReadyList
                0x0800266c       0xcc .\build\gcc/tasks.o
 .text.prvCreateTask
                0x08002738       0x62 .\build\gcc/tasks.o
 .text.prvDeleteTCB
                0x0800279a       0x24 .\build\gcc/tasks.o
 *fill*         0x080027be        0x2 
 .text.prvCheckTasksWaitingTermination
                0x080027c0       0x4c .\build\gcc/tasks.o
 .text.prvAddCurrentTaskToDelayedList
                0x0800280c       0xa8 .\build\gcc/tasks.o
 .text.xTaskCreateStatic
                0x080028b4       0x28 .\build\gcc/tasks.o
                0x080028b4                xTaskCreateStatic
 .text.xTaskCreate
                0x080028dc       0x22 .\build\gcc/tasks.o
                0x080028dc                xTaskCreate
 *fill*         0x080028fe        0x2 
 .text.vTaskSuspendAll
                0x08002900       0x10 .\build\gcc/tasks.o
                0x08002900                vTaskSuspendAll
 .text.xTaskGetTickCount
                0x08002910        0xc .\build\gcc/tasks.o
                0x08002910                xTaskGetTickCount
 .text.uxTaskGetNumberOfTasks
                0x0800291c        0xc .\build\gcc/tasks.o
                0x0800291c                uxTaskGetNumberOfTasks
 .text.pcTaskGetName
                0x08002928       0x14 .\build\gcc/tasks.o
                0x08002928                pcTaskGetName
 .text.vTaskStepTick
                0x0800293c       0x3c .\build\gcc/tasks.o
                0x0800293c                vTaskStepTick
 .text.xTaskIncrementTick
                0x08002978      0x160 .\build\gcc/tasks.o
                0x08002978                xTaskIncrementTick
 .text.xTaskResumeAll
                0x08002ad8      0x140 .\build\gcc/tasks.o
                0x08002ad8                xTaskResumeAll
 .text.vTaskDelay
                0x08002c18       0x32 .\build\gcc/tasks.o
                0x08002c18                vTaskDelay
 *fill*         0x08002c4a        0x2 
 .text.prvIdleTask
                0x08002c4c       0x48 .\build\gcc/tasks.o
 .text.vTaskSwitchContext
                0x08002c94       0x84 .\build\gcc/tasks.o
                0x08002c94                vTaskSwitchContext
 .text.vTaskPlaceOnEventList
                0x08002d18       0x1c .\build\gcc/tasks.o
                0x08002d18                vTaskPlaceOnEventList
 .text.vTaskPlaceOnEventListRestricted
                0x08002d34       0x3c .\build\gcc/tasks.o
                0x08002d34                vTaskPlaceOnEventListRestricted
 .text.xTaskRemoveFromEventList
                0x08002d70       0xe4 .\build\gcc/tasks.o
                0x08002d70                xTaskRemoveFromEventList
 .text.vTaskInternalSetTimeOutState
                0x08002e54       0x18 .\build\gcc/tasks.o
                0x08002e54                vTaskInternalSetTimeOutState
 .text.xTaskCheckForTimeOut
                0x08002e6c       0x7c .\build\gcc/tasks.o
                0x08002e6c                xTaskCheckForTimeOut
 .text.vTaskMissedYield
                0x08002ee8        0xc .\build\gcc/tasks.o
                0x08002ee8                vTaskMissedYield
 .text.eTaskConfirmSleepModeStatus
                0x08002ef4       0x48 .\build\gcc/tasks.o
                0x08002ef4                eTaskConfirmSleepModeStatus
 .text.xTaskGetCurrentTaskHandle
                0x08002f3c        0xc .\build\gcc/tasks.o
                0x08002f3c                xTaskGetCurrentTaskHandle
 .text.xTaskGetSchedulerState
                0x08002f48       0x20 .\build\gcc/tasks.o
                0x08002f48                xTaskGetSchedulerState
 .text.xTaskPriorityDisinherit
                0x08002f68       0x80 .\build\gcc/tasks.o
                0x08002f68                xTaskPriorityDisinherit
 .text.vApplicationGetIdleTaskMemory
                0x08002fe8       0x18 .\build\gcc/tasks.o
                0x08002fe8                vApplicationGetIdleTaskMemory
 .text.prvCreateIdleTasks
                0x08003000       0x84 .\build\gcc/tasks.o
 .text.vTaskStartScheduler
                0x08003084       0x54 .\build\gcc/tasks.o
                0x08003084                vTaskStartScheduler
 .text.vApplicationGetTimerTaskMemory
                0x080030d8       0x18 .\build\gcc/tasks.o
                0x080030d8                vApplicationGetTimerTaskMemory
 .text.prvGetNextExpireTime
                0x080030f0       0x20 .\build\gcc/timers.o
 .text.prvInsertTimerInActiveList
                0x08003110       0x48 .\build\gcc/timers.o
 .text.prvReloadTimer
                0x08003158       0x28 .\build\gcc/timers.o
 .text.prvProcessExpiredTimer
                0x08003180       0x40 .\build\gcc/timers.o
 .text.prvSwitchTimerLists
                0x080031c0       0x30 .\build\gcc/timers.o
 .text.prvSampleTimeNow
                0x080031f0       0x2c .\build\gcc/timers.o
 .text.prvProcessTimerOrBlockTask
                0x0800321c       0x74 .\build\gcc/timers.o
 .text.prvProcessReceivedCommands
                0x08003290       0xfc .\build\gcc/timers.o
 .text.prvTimerTask
                0x0800338c       0x16 .\build\gcc/timers.o
 *fill*         0x080033a2        0x2 
 .text.prvCheckForValidListAndQueue
                0x080033a4       0x60 .\build\gcc/timers.o
 .text.xTimerCreateTimerTask
                0x08003404       0x5c .\build\gcc/timers.o
                0x08003404                xTimerCreateTimerTask
 .text.prvHeapInit
                0x08003460       0x58 .\build\gcc/heap_4.o
 .text.prvInsertBlockIntoFreeList
                0x080034b8       0x64 .\build\gcc/heap_4.o
 .text.pvPortMalloc
                0x0800351c       0xd4 .\build\gcc/heap_4.o
                0x0800351c                pvPortMalloc
 .text.vPortFree
                0x080035f0       0x50 .\build\gcc/heap_4.o
                0x080035f0                vPortFree
 .text.prvTaskExitError
                0x08003640       0x20 .\build\gcc/port.o
 .text.prvPortStartFirstTask
                0x08003660       0x28 .\build\gcc/port.o
 .text.vPortEnableVFP
                0x08003688       0x14 .\build\gcc/port.o
 .text.pxPortInitialiseStack
                0x0800369c       0x2c .\build\gcc/port.o
                0x0800369c                pxPortInitialiseStack
 .text.vPortSVCHandler
                0x080036c8       0x20 .\build\gcc/port.o
                0x080036c8                vPortSVCHandler
 .text.vPortEnterCritical
                0x080036e8       0x20 .\build\gcc/port.o
                0x080036e8                vPortEnterCritical
 .text.vPortExitCritical
                0x08003708       0x14 .\build\gcc/port.o
                0x08003708                vPortExitCritical
 .text.xPortPendSVHandler
                0x0800371c       0x60 .\build\gcc/port.o
                0x0800371c                xPortPendSVHandler
 .text.xPortSysTickHandler
                0x0800377c       0x2c .\build\gcc/port.o
                0x0800377c                xPortSysTickHandler
 .text.vPortSuppressTicksAndSleep
                0x080037a8      0x114 .\build\gcc/port.o
                0x080037a8                vPortSuppressTicksAndSleep
 .text.vPortSetupTimerInterrupt
                0x080038bc       0x3c .\build\gcc/port.o
                0x080038bc                vPortSetupTimerInterrupt
 .text.xPortStartScheduler
                0x080038f8       0x50 .\build\gcc/port.o
                0x080038f8                xPortStartScheduler
 .text._sbrk    0x08003948       0x48 .\build\gcc/sysmem.o
                0x08003948                _sbrk
 .text._read    0x08003990       0x20 .\build\gcc/syscalls.o
                0x08003990                _read
 .text._write   0x080039b0       0x1c .\build\gcc/syscalls.o
                0x080039b0                _write
 .text._close   0x080039cc        0x6 .\build\gcc/syscalls.o
                0x080039cc                _close
 .text._fstat   0x080039d2        0xa .\build\gcc/syscalls.o
                0x080039d2                _fstat
 .text._isatty  0x080039dc        0x4 .\build\gcc/syscalls.o
                0x080039dc                _isatty
 .text._lseek   0x080039e0        0x4 .\build\gcc/syscalls.o
                0x080039e0                _lseek
 .text.Reset_Handler
                0x080039e4       0x50 .\build\gcc/startup_stm32f405xx.o
                0x080039e4                Reset_Handler
 .text.Default_Handler
                0x08003a34        0x2 .\build\gcc/startup_stm32f405xx.o
                0x08003a34                RTC_Alarm_IRQHandler
                0x08003a34                HASH_RNG_IRQHandler
                0x08003a34                EXTI2_IRQHandler
                0x08003a34                TIM8_CC_IRQHandler
                0x08003a34                TIM1_CC_IRQHandler
                0x08003a34                DMA2_Stream5_IRQHandler
                0x08003a34                DMA1_Stream5_IRQHandler
                0x08003a34                PVD_IRQHandler
                0x08003a34                SDIO_IRQHandler
                0x08003a34                TAMP_STAMP_IRQHandler
                0x08003a34                CAN2_RX1_IRQHandler
                0x08003a34                EXTI3_IRQHandler
                0x08003a34                TIM8_TRG_COM_TIM14_IRQHandler
                0x08003a34                TIM1_UP_TIM10_IRQHandler
                0x08003a34                TIM8_UP_TIM13_IRQHandler
                0x08003a34                I2C3_ER_IRQHandler
                0x08003a34                EXTI0_IRQHandler
                0x08003a34                I2C2_EV_IRQHandler
                0x08003a34                DMA1_Stream2_IRQHandler
                0x08003a34                CAN1_RX0_IRQHandler
                0x08003a34                FPU_IRQHandler
                0x08003a34                OTG_HS_WKUP_IRQHandler
                0x08003a34                CAN2_SCE_IRQHandler
                0x08003a34                DMA2_Stream2_IRQHandler
                0x08003a34                SPI1_IRQHandler
                0x08003a34                TIM6_DAC_IRQHandler
                0x08003a34                TIM1_BRK_TIM9_IRQHandler
                0x08003a34                CAN2_RX0_IRQHandler
                0x08003a34                DMA2_Stream3_IRQHandler
                0x08003a34                USART6_IRQHandler
                0x08003a34                USART3_IRQHandler
                0x08003a34                CAN1_RX1_IRQHandler
                0x08003a34                UART5_IRQHandler
                0x08003a34                DMA2_Stream0_IRQHandler
                0x08003a34                TIM4_IRQHandler
                0x08003a34                I2C1_EV_IRQHandler
                0x08003a34                DMA1_Stream6_IRQHandler
                0x08003a34                DMA1_Stream1_IRQHandler
                0x08003a34                UART4_IRQHandler
                0x08003a34                TIM3_IRQHandler
                0x08003a34                RCC_IRQHandler
                0x08003a34                TIM8_BRK_TIM12_IRQHandler
                0x08003a34                Default_Handler
                0x08003a34                EXTI15_10_IRQHandler
                0x08003a34                ADC_IRQHandler
                0x08003a34                DMA1_Stream7_IRQHandler
                0x08003a34                TIM7_IRQHandler
                0x08003a34                CAN2_TX_IRQHandler
                0x08003a34                TIM5_IRQHandler
                0x08003a34                DMA2_Stream7_IRQHandler
                0x08003a34                I2C3_EV_IRQHandler
                0x08003a34                EXTI9_5_IRQHandler
                0x08003a34                RTC_WKUP_IRQHandler
                0x08003a34                SPI2_IRQHandler
                0x08003a34                OTG_HS_EP1_IN_IRQHandler
                0x08003a34                DMA1_Stream0_IRQHandler
                0x08003a34                CAN1_TX_IRQHandler
                0x08003a34                EXTI4_IRQHandler
                0x08003a34                FSMC_IRQHandler
                0x08003a34                OTG_HS_EP1_OUT_IRQHandler
                0x08003a34                WWDG_IRQHandler
                0x08003a34                OTG_FS_WKUP_IRQHandler
                0x08003a34                TIM1_TRG_COM_TIM11_IRQHandler
                0x08003a34                OTG_HS_IRQHandler
                0x08003a34                EXTI1_IRQHandler
                0x08003a34                USART2_IRQHandler
                0x08003a34                I2C2_ER_IRQHandler
                0x08003a34                DMA2_Stream1_IRQHandler
                0x08003a34                CAN1_SCE_IRQHandler
                0x08003a34                FLASH_IRQHandler
                0x08003a34                DMA2_Stream4_IRQHandler
                0x08003a34                OTG_FS_IRQHandler
                0x08003a34                SPI3_IRQHandler
                0x08003a34                DMA1_Stream4_IRQHandler
                0x08003a34                I2C1_ER_IRQHandler
                0x08003a34                DMA2_Stream6_IRQHandler
                0x08003a34                DMA1_Stream3_IRQHandler
 *fill*         0x08003a36        0x2 
 .text.__errno  0x08003a38        0xc c:/users/xidon/program/arm_gcc/gcc-arm-none-eabi-10.3-2021.10/bin/../lib/gcc/arm-none-eabi/10.3.1/../../../../arm-none-eabi/lib/thumb/v7e-m+fp/hard\libc_nano.a(lib_a-errno.o)
                0x08003a38                __errno
 .text.__libc_init_array
                0x08003a44       0x48 c:/users/xidon/program/arm_gcc/gcc-arm-none-eabi-10.3-2021.10/bin/../lib/gcc/arm-none-eabi/10.3.1/../../../../arm-none-eabi/lib/thumb/v7e-m+fp/hard\libc_nano.a(lib_a-init.o)
                0x08003a44                __libc_init_array
 .text.memcpy   0x08003a8c       0x1c c:/users/xidon/program/arm_gcc/gcc-arm-none-eabi-10.3-2021.10/bin/../lib/gcc/arm-none-eabi/10.3.1/../../../../arm-none-eabi/lib/thumb/v7e-m+fp/hard\libc_nano.a(lib_a-memcpy-stub.o)
                0x08003a8c                memcpy
 .text.memset   0x08003aa8       0x10 c:/users/xidon/program/arm_gcc/gcc-arm-none-eabi-10.3-2021.10/bin/../lib/gcc/arm-none-eabi/10.3.1/../../../../arm-none-eabi/lib/thumb/v7e-m+fp/hard\libc_nano.a(lib_a-memset.o)
                0x08003aa8                memset
 .text.printf   0x08003ab8       0x30 c:/users/xidon/program/arm_gcc/gcc-arm-none-eabi-10.3-2021.10/bin/../lib/gcc/arm-none-eabi/10.3.1/../../../../arm-none-eabi/lib/thumb/v7e-m+fp/hard\libc_nano.a(lib_a-printf.o)
                0x08003ab8                iprintf
                0x08003ab8                printf
 .text._puts_r  0x08003ae8       0xdc c:/users/xidon/program/arm_gcc/gcc-arm-none-eabi-10.3-2021.10/bin/../lib/gcc/arm-none-eabi/10.3.1/../../../../arm-none-eabi/lib/thumb/v7e-m+fp/hard\libc_nano.a(lib_a-puts.o)
                0x08003ae8                _puts_r
 .text.puts     0x08003bc4       0x10 c:/users/xidon/program/arm_gcc/gcc-arm-none-eabi-10.3-2021.10/bin/../lib/gcc/arm-none-eabi/10.3.1/../../../../arm-none-eabi/lib/thumb/v7e-m+fp/hard\libc_nano.a(lib_a-puts.o)
                0x08003bc4                puts
 .text.__swbuf_r
                0x08003bd4       0xa4 c:/users/xidon/program/arm_gcc/gcc-arm-none-eabi-10.3-2021.10/bin/../lib/gcc/arm-none-eabi/10.3.1/../../../../arm-none-eabi/lib/thumb/v7e-m+fp/hard\libc_nano.a(lib_a-wbuf.o)
                0x08003bd4                __swbuf_r
 .text.__swsetup_r
                0x08003c78       0xdc c:/users/xidon/program/arm_gcc/gcc-arm-none-eabi-10.3-2021.10/bin/../lib/gcc/arm-none-eabi/10.3.1/../../../../arm-none-eabi/lib/thumb/v7e-m+fp/hard\libc_nano.a(lib_a-wsetup.o)
                0x08003c78                __swsetup_r
 .text.__sflush_r
                0x08003d54      0x10c c:/users/xidon/program/arm_gcc/gcc-arm-none-eabi-10.3-2021.10/bin/../lib/gcc/arm-none-eabi/10.3.1/../../../../arm-none-eabi/lib/thumb/v7e-m+fp/hard\libc_nano.a(lib_a-fflush.o)
                0x08003d54                __sflush_r
 .text._fflush_r
                0x08003e60       0x78 c:/users/xidon/program/arm_gcc/gcc-arm-none-eabi-10.3-2021.10/bin/../lib/gcc/arm-none-eabi/10.3.1/../../../../arm-none-eabi/lib/thumb/v7e-m+fp/hard\libc_nano.a(lib_a-fflush.o)
                0x08003e60                _fflush_r
 .text.std      0x08003ed8       0x48 c:/users/xidon/program/arm_gcc/gcc-arm-none-eabi-10.3-2021.10/bin/../lib/gcc/arm-none-eabi/10.3.1/../../../../arm-none-eabi/lib/thumb/v7e-m+fp/hard\libc_nano.a(lib_a-findfp.o)
 .text._cleanup_r
                0x08003f20        0xc c:/users/xidon/program/arm_gcc/gcc-arm-none-eabi-10.3-2021.10/bin/../lib/gcc/arm-none-eabi/10.3.1/../../../../arm-none-eabi/lib/thumb/v7e-m+fp/hard\libc_nano.a(lib_a-findfp.o)
                0x08003f20                _cleanup_r
 .text.__sfmoreglue
                0x08003f2c       0x2c c:/users/xidon/program/arm_gcc/gcc-arm-none-eabi-10.3-2021.10/bin/../lib/gcc/arm-none-eabi/10.3.1/../../../../arm-none-eabi/lib/thumb/v7e-m+fp/hard\libc_nano.a(lib_a-findfp.o)
                0x08003f2c                __sfmoreglue
 .text.__sfp_lock_acquire
                0x08003f58        0xc c:/users/xidon/program/arm_gcc/gcc-arm-none-eabi-10.3-2021.10/bin/../lib/gcc/arm-none-eabi/10.3.1/../../../../arm-none-eabi/lib/thumb/v7e-m+fp/hard\libc_nano.a(lib_a-findfp.o)
                0x08003f58                __sfp_lock_acquire
 .text.__sfp_lock_release
                0x08003f64        0xc c:/users/xidon/program/arm_gcc/gcc-arm-none-eabi-10.3-2021.10/bin/../lib/gcc/arm-none-eabi/10.3.1/../../../../arm-none-eabi/lib/thumb/v7e-m+fp/hard\libc_nano.a(lib_a-findfp.o)
                0x08003f64                __sfp_lock_release
 .text.__sinit_lock_acquire
                0x08003f70        0xc c:/users/xidon/program/arm_gcc/gcc-arm-none-eabi-10.3-2021.10/bin/../lib/gcc/arm-none-eabi/10.3.1/../../../../arm-none-eabi/lib/thumb/v7e-m+fp/hard\libc_nano.a(lib_a-findfp.o)
                0x08003f70                __sinit_lock_acquire
 .text.__sinit_lock_release
                0x08003f7c        0xc c:/users/xidon/program/arm_gcc/gcc-arm-none-eabi-10.3-2021.10/bin/../lib/gcc/arm-none-eabi/10.3.1/../../../../arm-none-eabi/lib/thumb/v7e-m+fp/hard\libc_nano.a(lib_a-findfp.o)
                0x08003f7c                __sinit_lock_release
 .text.__sinit  0x08003f88       0x70 c:/users/xidon/program/arm_gcc/gcc-arm-none-eabi-10.3-2021.10/bin/../lib/gcc/arm-none-eabi/10.3.1/../../../../arm-none-eabi/lib/thumb/v7e-m+fp/hard\libc_nano.a(lib_a-findfp.o)
                0x08003f88                __sinit
 .text.__sfp    0x08003ff8       0x8c c:/users/xidon/program/arm_gcc/gcc-arm-none-eabi-10.3-2021.10/bin/../lib/gcc/arm-none-eabi/10.3.1/../../../../arm-none-eabi/lib/thumb/v7e-m+fp/hard\libc_nano.a(lib_a-findfp.o)
                0x08003ff8                __sfp
 .text._fwalk_reent
                0x08004084       0x3e c:/users/xidon/program/arm_gcc/gcc-arm-none-eabi-10.3-2021.10/bin/../lib/gcc/arm-none-eabi/10.3.1/../../../../arm-none-eabi/lib/thumb/v7e-m+fp/hard\libc_nano.a(lib_a-fwalk.o)
                0x08004084                _fwalk_reent
 .text.__retarget_lock_init_recursive
                0x080040c2        0x2 c:/users/xidon/program/arm_gcc/gcc-arm-none-eabi-10.3-2021.10/bin/../lib/gcc/arm-none-eabi/10.3.1/../../../../arm-none-eabi/lib/thumb/v7e-m+fp/hard\libc_nano.a(lib_a-lock.o)
                0x080040c2                __retarget_lock_init_recursive
 .text.__retarget_lock_acquire_recursive
                0x080040c4        0x2 c:/users/xidon/program/arm_gcc/gcc-arm-none-eabi-10.3-2021.10/bin/../lib/gcc/arm-none-eabi/10.3.1/../../../../arm-none-eabi/lib/thumb/v7e-m+fp/hard\libc_nano.a(lib_a-lock.o)
                0x080040c4                __retarget_lock_acquire_recursive
 .text.__retarget_lock_release_recursive
                0x080040c6        0x2 c:/users/xidon/program/arm_gcc/gcc-arm-none-eabi-10.3-2021.10/bin/../lib/gcc/arm-none-eabi/10.3.1/../../../../arm-none-eabi/lib/thumb/v7e-m+fp/hard\libc_nano.a(lib_a-lock.o)
                0x080040c6                __retarget_lock_release_recursive
 .text.__swhatbuf_r
                0x080040c8       0x4a c:/users/xidon/program/arm_gcc/gcc-arm-none-eabi-10.3-2021.10/bin/../lib/gcc/arm-none-eabi/10.3.1/../../../../arm-none-eabi/lib/thumb/v7e-m+fp/hard\libc_nano.a(lib_a-makebuf.o)
                0x080040c8                __swhatbuf_r
 *fill*         0x08004112        0x2 
 .text.__smakebuf_r
                0x08004114       0x80 c:/users/xidon/program/arm_gcc/gcc-arm-none-eabi-10.3-2021.10/bin/../lib/gcc/arm-none-eabi/10.3.1/../../../../arm-none-eabi/lib/thumb/v7e-m+fp/hard\libc_nano.a(lib_a-makebuf.o)
                0x08004114                __smakebuf_r
 .text._free_r  0x08004194       0x98 c:/users/xidon/program/arm_gcc/gcc-arm-none-eabi-10.3-2021.10/bin/../lib/gcc/arm-none-eabi/10.3.1/../../../../arm-none-eabi/lib/thumb/v7e-m+fp/hard\libc_nano.a(lib_a-nano-freer.o)
                0x08004194                _free_r
 .text.sbrk_aligned
                0x0800422c       0x40 c:/users/xidon/program/arm_gcc/gcc-arm-none-eabi-10.3-2021.10/bin/../lib/gcc/arm-none-eabi/10.3.1/../../../../arm-none-eabi/lib/thumb/v7e-m+fp/hard\libc_nano.a(lib_a-nano-mallocr.o)
 .text._malloc_r
                0x0800426c       0xe8 c:/users/xidon/program/arm_gcc/gcc-arm-none-eabi-10.3-2021.10/bin/../lib/gcc/arm-none-eabi/10.3.1/../../../../arm-none-eabi/lib/thumb/v7e-m+fp/hard\libc_nano.a(lib_a-nano-mallocr.o)
                0x0800426c                _malloc_r
 .text.__sfputc_r
                0x08004354       0x2e c:/users/xidon/program/arm_gcc/gcc-arm-none-eabi-10.3-2021.10/bin/../lib/gcc/arm-none-eabi/10.3.1/../../../../arm-none-eabi/lib/thumb/v7e-m+fp/hard\libc_nano.a(lib_a-nano-vfprintf.o)
 .text.__sfputs_r
                0x08004382       0x24 c:/users/xidon/program/arm_gcc/gcc-arm-none-eabi-10.3-2021.10/bin/../lib/gcc/arm-none-eabi/10.3.1/../../../../arm-none-eabi/lib/thumb/v7e-m+fp/hard\libc_nano.a(lib_a-nano-vfprintf.o)
                0x08004382                __sfputs_r
 *fill*         0x080043a6        0x2 
 .text._vfprintf_r
                0x080043a8      0x260 c:/users/xidon/program/arm_gcc/gcc-arm-none-eabi-10.3-2021.10/bin/../lib/gcc/arm-none-eabi/10.3.1/../../../../arm-none-eabi/lib/thumb/v7e-m+fp/hard\libc_nano.a(lib_a-nano-vfprintf.o)
                0x080043a8                _vfprintf_r
                0x080043a8                _vfiprintf_r
 .text._printf_common
                0x08004608       0xda c:/users/xidon/program/arm_gcc/gcc-arm-none-eabi-10.3-2021.10/bin/../lib/gcc/arm-none-eabi/10.3.1/../../../../arm-none-eabi/lib/thumb/v7e-m+fp/hard\libc_nano.a(lib_a-nano-vfprintf_i.o)
                0x08004608                _printf_common
 *fill*         0x080046e2        0x2 
 .text._printf_i
                0x080046e4      0x24c c:/users/xidon/program/arm_gcc/gcc-arm-none-eabi-10.3-2021.10/bin/../lib/gcc/arm-none-eabi/10.3.1/../../../../arm-none-eabi/lib/thumb/v7e-m+fp/hard\libc_nano.a(lib_a-nano-vfprintf_i.o)
                0x080046e4                _printf_i
 .text._sbrk_r  0x08004930       0x20 c:/users/xidon/program/arm_gcc/gcc-arm-none-eabi-10.3-2021.10/bin/../lib/gcc/arm-none-eabi/10.3.1/../../../../arm-none-eabi/lib/thumb/v7e-m+fp/hard\libc_nano.a(lib_a-sbrkr.o)
                0x08004930                _sbrk_r
 .text.__sread  0x08004950       0x22 c:/users/xidon/program/arm_gcc/gcc-arm-none-eabi-10.3-2021.10/bin/../lib/gcc/arm-none-eabi/10.3.1/../../../../arm-none-eabi/lib/thumb/v7e-m+fp/hard\libc_nano.a(lib_a-stdio.o)
                0x08004950                __sread
 .text.__swrite
                0x08004972       0x38 c:/users/xidon/program/arm_gcc/gcc-arm-none-eabi-10.3-2021.10/bin/../lib/gcc/arm-none-eabi/10.3.1/../../../../arm-none-eabi/lib/thumb/v7e-m+fp/hard\libc_nano.a(lib_a-stdio.o)
                0x08004972                __swrite
 .text.__sseek  0x080049aa       0x24 c:/users/xidon/program/arm_gcc/gcc-arm-none-eabi-10.3-2021.10/bin/../lib/gcc/arm-none-eabi/10.3.1/../../../../arm-none-eabi/lib/thumb/v7e-m+fp/hard\libc_nano.a(lib_a-stdio.o)
                0x080049aa                __sseek
 .text.__sclose
                0x080049ce        0x8 c:/users/xidon/program/arm_gcc/gcc-arm-none-eabi-10.3-2021.10/bin/../lib/gcc/arm-none-eabi/10.3.1/../../../../arm-none-eabi/lib/thumb/v7e-m+fp/hard\libc_nano.a(lib_a-stdio.o)
                0x080049ce                __sclose
 *fill*         0x080049d6        0x2 
 .text._write_r
                0x080049d8       0x24 c:/users/xidon/program/arm_gcc/gcc-arm-none-eabi-10.3-2021.10/bin/../lib/gcc/arm-none-eabi/10.3.1/../../../../arm-none-eabi/lib/thumb/v7e-m+fp/hard\libc_nano.a(lib_a-writer.o)
                0x080049d8                _write_r
 .text._close_r
                0x080049fc       0x20 c:/users/xidon/program/arm_gcc/gcc-arm-none-eabi-10.3-2021.10/bin/../lib/gcc/arm-none-eabi/10.3.1/../../../../arm-none-eabi/lib/thumb/v7e-m+fp/hard\libc_nano.a(lib_a-closer.o)
                0x080049fc                _close_r
 .text._fstat_r
                0x08004a1c       0x24 c:/users/xidon/program/arm_gcc/gcc-arm-none-eabi-10.3-2021.10/bin/../lib/gcc/arm-none-eabi/10.3.1/../../../../arm-none-eabi/lib/thumb/v7e-m+fp/hard\libc_nano.a(lib_a-fstatr.o)
                0x08004a1c                _fstat_r
 .text._isatty_r
                0x08004a40       0x20 c:/users/xidon/program/arm_gcc/gcc-arm-none-eabi-10.3-2021.10/bin/../lib/gcc/arm-none-eabi/10.3.1/../../../../arm-none-eabi/lib/thumb/v7e-m+fp/hard\libc_nano.a(lib_a-isattyr.o)
                0x08004a40                _isatty_r
 .text._lseek_r
                0x08004a60       0x24 c:/users/xidon/program/arm_gcc/gcc-arm-none-eabi-10.3-2021.10/bin/../lib/gcc/arm-none-eabi/10.3.1/../../../../arm-none-eabi/lib/thumb/v7e-m+fp/hard\libc_nano.a(lib_a-lseekr.o)
                0x08004a60                _lseek_r
 .text.__malloc_lock
                0x08004a84        0xc c:/users/xidon/program/arm_gcc/gcc-arm-none-eabi-10.3-2021.10/bin/../lib/gcc/arm-none-eabi/10.3.1/../../../../arm-none-eabi/lib/thumb/v7e-m+fp/hard\libc_nano.a(lib_a-mlock.o)
                0x08004a84                __malloc_lock
 .text.__malloc_unlock
                0x08004a90        0xc c:/users/xidon/program/arm_gcc/gcc-arm-none-eabi-10.3-2021.10/bin/../lib/gcc/arm-none-eabi/10.3.1/../../../../arm-none-eabi/lib/thumb/v7e-m+fp/hard\libc_nano.a(lib_a-mlock.o)
                0x08004a90                __malloc_unlock
 .text._read_r  0x08004a9c       0x24 c:/users/xidon/program/arm_gcc/gcc-arm-none-eabi-10.3-2021.10/bin/../lib/gcc/arm-none-eabi/10.3.1/../../../../arm-none-eabi/lib/thumb/v7e-m+fp/hard\libc_nano.a(lib_a-readr.o)
                0x08004a9c                _read_r
 *(.glue_7)
 .glue_7        0x08004ac0        0x0 linker stubs
 *(.glue_7t)
 .glue_7t       0x08004ac0        0x0 linker stubs
 *(.eh_frame)
 .eh_frame      0x08004ac0        0x0 c:/users/xidon/program/arm_gcc/gcc-arm-none-eabi-10.3-2021.10/bin/../lib/gcc/arm-none-eabi/10.3.1/thumb/v7e-m+fp/hard/crtbegin.o
 *(.init)
 .init          0x08004ac0        0x4 c:/users/xidon/program/arm_gcc/gcc-arm-none-eabi-10.3-2021.10/bin/../lib/gcc/arm-none-eabi/10.3.1/thumb/v7e-m+fp/hard/crti.o
                0x08004ac0                _init
 .init          0x08004ac4        0x8 c:/users/xidon/program/arm_gcc/gcc-arm-none-eabi-10.3-2021.10/bin/../lib/gcc/arm-none-eabi/10.3.1/thumb/v7e-m+fp/hard/crtn.o
 *(.fini)
 .fini          0x08004acc        0x4 c:/users/xidon/program/arm_gcc/gcc-arm-none-eabi-10.3-2021.10/bin/../lib/gcc/arm-none-eabi/10.3.1/thumb/v7e-m+fp/hard/crti.o
                0x08004acc                _fini
 .fini          0x08004ad0        0x8 c:/users/xidon/program/arm_gcc/gcc-arm-none-eabi-10.3-2021.10/bin/../lib/gcc/arm-none-eabi/10.3.1/thumb/v7e-m+fp/hard/crtn.o
                0x08004ad8                . = ALIGN (0x4)
                0x08004ad8                _etext = .

.vfp11_veneer   0x08004ad8        0x0
 .vfp11_veneer  0x08004ad8        0x0 linker stubs

.v4_bx          0x08004ad8        0x0
 .v4_bx         0x08004ad8        0x0 linker stubs

.iplt           0x08004ad8        0x0
 .iplt          0x08004ad8        0x0 c:/users/xidon/program/arm_gcc/gcc-arm-none-eabi-10.3-2021.10/bin/../lib/gcc/arm-none-eabi/10.3.1/thumb/v7e-m+fp/hard/crtbegin.o

.rodata         0x08004ad8      0x550
                0x08004ad8                . = ALIGN (0x4)
 *(.rodata)
 *(.rodata*)
 .rodata.main_task_init.str1.4
                0x08004ad8       0x2b .\build\gcc/main.o
 *fill*         0x08004b03        0x1 
 .rodata.tracer_on_fault.str1.4
                0x08004b04       0x14 .\build\gcc/main.o
 .rodata.test0.str1.4
                0x08004b18        0xe .\build\gcc/main.o
 *fill*         0x08004b26        0x2 
 .rodata.main_task_entry.str1.4
                0x08004b28       0x19 .\build\gcc/main.o
 *fill*         0x08004b41        0x3 
 .rodata.main.str1.4
                0x08004b44        0xd .\build\gcc/main.o
 *fill*         0x08004b51        0x3 
 .rodata.__func__.1
                0x08004b54        0x6 .\build\gcc/main.o
 *fill*         0x08004b5a        0x2 
 .rodata.__func__.2
                0x08004b5c        0x6 .\build\gcc/main.o
 *fill*         0x08004b62        0x2 
 .rodata.__func__.3
                0x08004b64        0x6 .\build\gcc/main.o
 *fill*         0x08004b6a        0x2 
 .rodata.__func__.4
                0x08004b6c        0x6 .\build\gcc/main.o
 *fill*         0x08004b72        0x2 
 .rodata.__func__.5
                0x08004b74        0x6 .\build\gcc/main.o
 *fill*         0x08004b7a        0x2 
 .rodata.__func__.6
                0x08004b7c        0x6 .\build\gcc/main.o
 .rodata.NMI_Handler.str1.4
                0x08004b82        0xe .\build\gcc/stm32f4xx_it.o
 *fill*         0x08004b82        0x2 
 .rodata.__func__.0
                0x08004b84        0xe .\build\gcc/stm32f4xx_it.o
 *fill*         0x08004b92        0x2 
 .rodata.__func__.1
                0x08004b94        0xe .\build\gcc/stm32f4xx_it.o
 *fill*         0x08004ba2        0x2 
 .rodata.TIM_OC1_SetConfig.str1.4
                0x08004ba4       0x38 .\build\gcc/stm32f4xx_hal_tim.o
 .rodata.UART_SetConfig.str1.4
                0x08004bdc       0x39 .\build\gcc/stm32f4xx_hal_uart.o
 *fill*         0x08004c15        0x3 
 .rodata.HAL_GPIO_Init.str1.4
                0x08004c18       0x39 .\build\gcc/stm32f4xx_hal_gpio.o
 *fill*         0x08004c51        0x3 
 .rodata.HAL_NVIC_SetPriorityGrouping.str1.4
                0x08004c54       0x3b .\build\gcc/stm32f4xx_hal_cortex.o
 *fill*         0x08004c8f        0x1 
 .rodata.APBPrescTable
                0x08004c90        0x8 .\build\gcc/system_stm32f4xx.o
                0x08004c90                APBPrescTable
 .rodata.tracer_exc_name.str1.4
                0x08004c98       0x70 .\build\gcc/tracer.o
 .rodata.tracer_scan_callstack.str1.4
                0x08004d08        0x7 .\build\gcc/tracer.o
 *fill*         0x08004d0f        0x1 
 .rodata.tracer_init.str1.4
                0x08004d10       0x5a .\build\gcc/tracer.o
 *fill*         0x08004d6a        0x2 
 .rodata.tracer_fault_handler.str1.4
                0x08004d6c      0x213 .\build\gcc/tracer.o
                                0x217 (size before relaxing)
 *fill*         0x08004f7f        0x1 
 .rodata.prvCreateIdleTasks.str1.4
                0x08004f80        0x5 .\build\gcc/tasks.o
 *fill*         0x08004f85        0x3 
 .rodata.xTimerCreateTimerTask.str1.4
                0x08004f88        0x8 .\build\gcc/timers.o
 .rodata._global_impure_ptr
                0x08004f90        0x4 c:/users/xidon/program/arm_gcc/gcc-arm-none-eabi-10.3-2021.10/bin/../lib/gcc/arm-none-eabi/10.3.1/../../../../arm-none-eabi/lib/thumb/v7e-m+fp/hard\libc_nano.a(lib_a-impure.o)
                0x08004f90                _global_impure_ptr
 .rodata.__sf_fake_stderr
                0x08004f94       0x20 c:/users/xidon/program/arm_gcc/gcc-arm-none-eabi-10.3-2021.10/bin/../lib/gcc/arm-none-eabi/10.3.1/../../../../arm-none-eabi/lib/thumb/v7e-m+fp/hard\libc_nano.a(lib_a-findfp.o)
                0x08004f94                __sf_fake_stderr
 .rodata.__sf_fake_stdin
                0x08004fb4       0x20 c:/users/xidon/program/arm_gcc/gcc-arm-none-eabi-10.3-2021.10/bin/../lib/gcc/arm-none-eabi/10.3.1/../../../../arm-none-eabi/lib/thumb/v7e-m+fp/hard\libc_nano.a(lib_a-findfp.o)
                0x08004fb4                __sf_fake_stdin
 .rodata.__sf_fake_stdout
                0x08004fd4       0x20 c:/users/xidon/program/arm_gcc/gcc-arm-none-eabi-10.3-2021.10/bin/../lib/gcc/arm-none-eabi/10.3.1/../../../../arm-none-eabi/lib/thumb/v7e-m+fp/hard\libc_nano.a(lib_a-findfp.o)
                0x08004fd4                __sf_fake_stdout
 .rodata._vfprintf_r.str1.1
                0x08004ff4       0x11 c:/users/xidon/program/arm_gcc/gcc-arm-none-eabi-10.3-2021.10/bin/../lib/gcc/arm-none-eabi/10.3.1/../../../../arm-none-eabi/lib/thumb/v7e-m+fp/hard\libc_nano.a(lib_a-nano-vfprintf.o)
 .rodata._printf_i.str1.1
                0x08005005       0x22 c:/users/xidon/program/arm_gcc/gcc-arm-none-eabi-10.3-2021.10/bin/../lib/gcc/arm-none-eabi/10.3.1/../../../../arm-none-eabi/lib/thumb/v7e-m+fp/hard\libc_nano.a(lib_a-nano-vfprintf_i.o)
                0x08005028                . = ALIGN (0x4)
 *fill*         0x08005027        0x1 

.ARM.extab
 *(.ARM.extab* .gnu.linkonce.armextab.*)

.ARM            0x08005028        0x8
                0x08005028                __exidx_start = .
 *(.ARM.exidx*)
 .ARM.exidx     0x08005028        0x8 c:/users/xidon/program/arm_gcc/gcc-arm-none-eabi-10.3-2021.10/bin/../lib/gcc/arm-none-eabi/10.3.1/thumb/v7e-m+fp/hard\libgcc.a(_udivmoddi4.o)
                0x08005030                __exidx_end = .

.rel.dyn        0x08005030        0x0
 .rel.iplt      0x08005030        0x0 c:/users/xidon/program/arm_gcc/gcc-arm-none-eabi-10.3-2021.10/bin/../lib/gcc/arm-none-eabi/10.3.1/thumb/v7e-m+fp/hard/crtbegin.o

.preinit_array  0x08005030        0x0
                0x08005030                PROVIDE (__preinit_array_start = .)
 *(.preinit_array*)
                0x08005030                PROVIDE (__preinit_array_end = .)

.init_array     0x08005030        0x4
                0x08005030                PROVIDE (__init_array_start = .)
 *(SORT_BY_NAME(.init_array.*))
 *(.init_array*)
 .init_array    0x08005030        0x4 c:/users/xidon/program/arm_gcc/gcc-arm-none-eabi-10.3-2021.10/bin/../lib/gcc/arm-none-eabi/10.3.1/thumb/v7e-m+fp/hard/crtbegin.o
                0x08005034                PROVIDE (__init_array_end = .)

.fini_array     0x08005034        0x4
                [!provide]                PROVIDE (__fini_array_start = .)
 *(SORT_BY_NAME(.fini_array.*))
 *(.fini_array*)
 .fini_array    0x08005034        0x4 c:/users/xidon/program/arm_gcc/gcc-arm-none-eabi-10.3-2021.10/bin/../lib/gcc/arm-none-eabi/10.3.1/thumb/v7e-m+fp/hard/crtbegin.o
                [!provide]                PROVIDE (__fini_array_end = .)
                0x08005038                _sidata = LOADADDR (.data)

.data           0x20000000       0x78 load address 0x08005038
                0x20000000                . = ALIGN (0x4)
                0x20000000                _sdata = .
 *(.data)
 *(.data*)
 .data.uwTickFreq
                0x20000000        0x1 .\build\gcc/stm32f4xx_hal.o
                0x20000000                uwTickFreq
 *fill*         0x20000001        0x3 
 .data.uwTickPrio
                0x20000004        0x4 .\build\gcc/stm32f4xx_hal.o
                0x20000004                uwTickPrio
 .data.SystemCoreClock
                0x20000008        0x4 .\build\gcc/system_stm32f4xx.o
                0x20000008                SystemCoreClock
 .data.uxTopUsedPriority
                0x2000000c        0x4 .\build\gcc/tasks.o
 .data.uxCriticalNesting
                0x20000010        0x4 .\build\gcc/port.o
 .data._impure_ptr
                0x20000014        0x4 c:/users/xidon/program/arm_gcc/gcc-arm-none-eabi-10.3-2021.10/bin/../lib/gcc/arm-none-eabi/10.3.1/../../../../arm-none-eabi/lib/thumb/v7e-m+fp/hard\libc_nano.a(lib_a-impure.o)
                0x20000014                _impure_ptr
 .data.impure_data
                0x20000018       0x60 c:/users/xidon/program/arm_gcc/gcc-arm-none-eabi-10.3-2021.10/bin/../lib/gcc/arm-none-eabi/10.3.1/../../../../arm-none-eabi/lib/thumb/v7e-m+fp/hard\libc_nano.a(lib_a-impure.o)
                0x20000078                . = ALIGN (0x4)
                0x20000078                _edata = .
                0x080050b0                _siccmram = LOADADDR (.ccmram)

.igot.plt       0x20000078        0x0 load address 0x080050b0
 .igot.plt      0x20000078        0x0 c:/users/xidon/program/arm_gcc/gcc-arm-none-eabi-10.3-2021.10/bin/../lib/gcc/arm-none-eabi/10.3.1/thumb/v7e-m+fp/hard/crtbegin.o

.ccmram         0x10000000        0x0 load address 0x080050b0
                0x10000000                . = ALIGN (0x4)
                0x10000000                _sccmram = .
 *(.ccmram)
 *(.ccmram*)
                0x10000000                . = ALIGN (0x4)
                0x10000000                _eccmram = .
                0x10000000                . = ALIGN (0x4)

.bss            0x20000078     0x887c
                0x20000078                _sbss = .
                0x20000078                __bss_start__ = _sbss
 *(.bss)
 .bss           0x20000078       0x1c c:/users/xidon/program/arm_gcc/gcc-arm-none-eabi-10.3-2021.10/bin/../lib/gcc/arm-none-eabi/10.3.1/thumb/v7e-m+fp/hard/crtbegin.o
 *(.bss*)
 .bss.main_task.0
                0x20000094        0x4 .\build\gcc/main.o
 .bss.ucHeap    0x20000098     0x8000 .\build\gcc/main.o
                0x20000098                ucHeap
 .bss.huart1    0x20008098       0x48 .\build\gcc/usart.o
                0x20008098                huart1
 .bss.htim2     0x200080e0       0x48 .\build\gcc/stm32f4xx_hal_timebase_tim.o
                0x200080e0                htim2
 .bss.uwTick    0x20008128        0x4 .\build\gcc/stm32f4xx_hal.o
                0x20008128                uwTick
 .bss.pxCurrentTCB
                0x2000812c        0x4 .\build\gcc/tasks.o
                0x2000812c                pxCurrentTCB
 .bss.pxDelayedTaskList
                0x20008130        0x4 .\build\gcc/tasks.o
 .bss.pxOverflowDelayedTaskList
                0x20008134        0x4 .\build\gcc/tasks.o
 .bss.pxReadyTasksLists
                0x20008138       0x8c .\build\gcc/tasks.o
 .bss.uxCurrentNumberOfTasks
                0x200081c4        0x4 .\build\gcc/tasks.o
 .bss.uxDeletedTasksWaitingCleanUp
                0x200081c8        0x4 .\build\gcc/tasks.o
 .bss.uxIdleTaskStack.2
                0x200081cc      0x200 .\build\gcc/tasks.o
 .bss.uxSchedulerSuspended
                0x200083cc        0x4 .\build\gcc/tasks.o
 .bss.uxTaskNumber
                0x200083d0        0x4 .\build\gcc/tasks.o
 .bss.uxTimerTaskStack.0
                0x200083d4      0x200 .\build\gcc/tasks.o
 .bss.uxTopReadyPriority
                0x200085d4        0x4 .\build\gcc/tasks.o
 .bss.xDelayedTaskList1
                0x200085d8       0x1c .\build\gcc/tasks.o
 .bss.xDelayedTaskList2
                0x200085f4       0x1c .\build\gcc/tasks.o
 .bss.xIdleTaskHandles
                0x20008610        0x4 .\build\gcc/tasks.o
 .bss.xIdleTaskTCB.3
                0x20008614       0x74 .\build\gcc/tasks.o
 .bss.xNextTaskUnblockTime
                0x20008688        0x4 .\build\gcc/tasks.o
 .bss.xNumOfOverflows
                0x2000868c        0x4 .\build\gcc/tasks.o
 .bss.xPendedTicks
                0x20008690        0x4 .\build\gcc/tasks.o
 .bss.xPendingReadyList
                0x20008694       0x1c .\build\gcc/tasks.o
 .bss.xSchedulerRunning
                0x200086b0        0x4 .\build\gcc/tasks.o
 .bss.xSuspendedTaskList
                0x200086b4       0x1c .\build\gcc/tasks.o
 .bss.xTasksWaitingTermination
                0x200086d0       0x1c .\build\gcc/tasks.o
 .bss.xTickCount
                0x200086ec        0x4 .\build\gcc/tasks.o
 .bss.xTimerTaskTCB.1
                0x200086f0       0x74 .\build\gcc/tasks.o
 .bss.xYieldPendings
                0x20008764        0x4 .\build\gcc/tasks.o
 .bss.pxCurrentTimerList
                0x20008768        0x4 .\build\gcc/timers.o
 .bss.pxOverflowTimerList
                0x2000876c        0x4 .\build\gcc/timers.o
 .bss.ucStaticTimerQueueStorage.1
                0x20008770       0xa0 .\build\gcc/timers.o
 .bss.xActiveTimerList1
                0x20008810       0x1c .\build\gcc/timers.o
 .bss.xActiveTimerList2
                0x2000882c       0x1c .\build\gcc/timers.o
 .bss.xLastTime.2
                0x20008848        0x4 .\build\gcc/timers.o
 .bss.xStaticTimerQueue.0
                0x2000884c       0x64 .\build\gcc/timers.o
 .bss.xTimerQueue
                0x200088b0        0x4 .\build\gcc/timers.o
 .bss.xTimerTaskHandle
                0x200088b4        0x4 .\build\gcc/timers.o
 .bss.pxEnd     0x200088b8        0x4 .\build\gcc/heap_4.o
 .bss.xFreeBytesRemaining
                0x200088bc        0x4 .\build\gcc/heap_4.o
 .bss.xMinimumEverFreeBytesRemaining
                0x200088c0        0x4 .\build\gcc/heap_4.o
 .bss.xNumberOfSuccessfulAllocations
                0x200088c4        0x4 .\build\gcc/heap_4.o
 .bss.xNumberOfSuccessfulFrees
                0x200088c8        0x4 .\build\gcc/heap_4.o
 .bss.xStart    0x200088cc        0x8 .\build\gcc/heap_4.o
 .bss.ulStoppedTimerCompensation
                0x200088d4        0x4 .\build\gcc/port.o
 .bss.ulTimerCountsForOneTick
                0x200088d8        0x4 .\build\gcc/port.o
 .bss.xMaximumPossibleSuppressedTicks
                0x200088dc        0x4 .\build\gcc/port.o
 .bss.__sbrk_heap_end
                0x200088e0        0x4 .\build\gcc/sysmem.o
 .bss.__lock___malloc_recursive_mutex
                0x200088e4        0x1 c:/users/xidon/program/arm_gcc/gcc-arm-none-eabi-10.3-2021.10/bin/../lib/gcc/arm-none-eabi/10.3.1/../../../../arm-none-eabi/lib/thumb/v7e-m+fp/hard\libc_nano.a(lib_a-lock.o)
                0x200088e4                __lock___malloc_recursive_mutex
 .bss.__lock___sfp_recursive_mutex
                0x200088e5        0x1 c:/users/xidon/program/arm_gcc/gcc-arm-none-eabi-10.3-2021.10/bin/../lib/gcc/arm-none-eabi/10.3.1/../../../../arm-none-eabi/lib/thumb/v7e-m+fp/hard\libc_nano.a(lib_a-lock.o)
                0x200088e5                __lock___sfp_recursive_mutex
 .bss.__lock___sinit_recursive_mutex
                0x200088e6        0x1 c:/users/xidon/program/arm_gcc/gcc-arm-none-eabi-10.3-2021.10/bin/../lib/gcc/arm-none-eabi/10.3.1/../../../../arm-none-eabi/lib/thumb/v7e-m+fp/hard\libc_nano.a(lib_a-lock.o)
                0x200088e6                __lock___sinit_recursive_mutex
 *fill*         0x200088e7        0x1 
 .bss.__malloc_free_list
                0x200088e8        0x4 c:/users/xidon/program/arm_gcc/gcc-arm-none-eabi-10.3-2021.10/bin/../lib/gcc/arm-none-eabi/10.3.1/../../../../arm-none-eabi/lib/thumb/v7e-m+fp/hard\libc_nano.a(lib_a-nano-mallocr.o)
                0x200088e8                __malloc_free_list
 .bss.__malloc_sbrk_start
                0x200088ec        0x4 c:/users/xidon/program/arm_gcc/gcc-arm-none-eabi-10.3-2021.10/bin/../lib/gcc/arm-none-eabi/10.3.1/../../../../arm-none-eabi/lib/thumb/v7e-m+fp/hard\libc_nano.a(lib_a-nano-mallocr.o)
                0x200088ec                __malloc_sbrk_start
 .bss.errno     0x200088f0        0x4 c:/users/xidon/program/arm_gcc/gcc-arm-none-eabi-10.3-2021.10/bin/../lib/gcc/arm-none-eabi/10.3.1/../../../../arm-none-eabi/lib/thumb/v7e-m+fp/hard\libc_nano.a(lib_a-reent.o)
                0x200088f0                errno
 *(COMMON)
                0x200088f4                . = ALIGN (0x4)
                0x200088f4                _ebss = .
                0x200088f4                __bss_end__ = _ebss

._user_heap_stack
                0x200088f4     0x1004
                0x200088f8                . = ALIGN (0x8)
 *fill*         0x200088f4        0x4 
                [!provide]                PROVIDE (end = .)
                0x200088f8                PROVIDE (_end = .)
                0x200090f8                . = (. + _Min_Heap_Size)
 *fill*         0x200088f8      0x800 
                0x200090f8                _sstack = .
                0x200098f8                . = (. + _Min_Stack_Size)
 *fill*         0x200090f8      0x800 
                0x200098f8                . = ALIGN (0x8)
                0x200098f8                _estack = .

/DISCARD/
 libc.a(*)
 libm.a(*)
 libgcc.a(*)

.ARM.attributes
                0x00000000       0x30
 *(.ARM.attributes)
 .ARM.attributes
                0x00000000       0x1e c:/users/xidon/program/arm_gcc/gcc-arm-none-eabi-10.3-2021.10/bin/../lib/gcc/arm-none-eabi/10.3.1/thumb/v7e-m+fp/hard/crti.o
 .ARM.attributes
                0x0000001e       0x34 c:/users/xidon/program/arm_gcc/gcc-arm-none-eabi-10.3-2021.10/bin/../lib/gcc/arm-none-eabi/10.3.1/thumb/v7e-m+fp/hard/crtbegin.o
 .ARM.attributes
                0x00000052       0x34 .\build\gcc/main.o
 .ARM.attributes
                0x00000086       0x34 .\build\gcc/stm32f4xx_it.o
 .ARM.attributes
                0x000000ba       0x34 .\build\gcc/gpio.o
 .ARM.attributes
                0x000000ee       0x34 .\build\gcc/usart.o
 .ARM.attributes
                0x00000122       0x34 .\build\gcc/stm32f4xx_hal_msp.o
 .ARM.attributes
                0x00000156       0x34 .\build\gcc/stm32f4xx_hal_timebase_tim.o
 .ARM.attributes
                0x0000018a       0x34 .\build\gcc/stm32f4xx_hal_tim.o
 .ARM.attributes
                0x000001be       0x34 .\build\gcc/stm32f4xx_hal_tim_ex.o
 .ARM.attributes
                0x000001f2       0x34 .\build\gcc/stm32f4xx_hal_uart.o
 .ARM.attributes
                0x00000226       0x34 .\build\gcc/stm32f4xx_hal_rcc.o
 .ARM.attributes
                0x0000025a       0x34 .\build\gcc/stm32f4xx_hal_gpio.o
 .ARM.attributes
                0x0000028e       0x34 .\build\gcc/stm32f4xx_hal_dma.o
 .ARM.attributes
                0x000002c2       0x34 .\build\gcc/stm32f4xx_hal_cortex.o
 .ARM.attributes
                0x000002f6       0x34 .\build\gcc/stm32f4xx_hal.o
 .ARM.attributes
                0x0000032a       0x34 .\build\gcc/system_stm32f4xx.o
 .ARM.attributes
                0x0000035e       0x34 .\build\gcc/tracer.o
 .ARM.attributes
                0x00000392       0x34 .\build\gcc/list.o
 .ARM.attributes
                0x000003c6       0x34 .\build\gcc/queue.o
 .ARM.attributes
                0x000003fa       0x34 .\build\gcc/tasks.o
 .ARM.attributes
                0x0000042e       0x34 .\build\gcc/timers.o
 .ARM.attributes
                0x00000462       0x34 .\build\gcc/heap_4.o
 .ARM.attributes
                0x00000496       0x34 .\build\gcc/port.o
 .ARM.attributes
                0x000004ca       0x34 .\build\gcc/sysmem.o
 .ARM.attributes
                0x000004fe       0x34 .\build\gcc/syscalls.o
 .ARM.attributes
                0x00000532       0x21 .\build\gcc/startup_stm32f405xx.o
 .ARM.attributes
                0x00000553       0x20 .\build\gcc/tracer_gcc.o
 .ARM.attributes
                0x00000573       0x34 c:/users/xidon/program/arm_gcc/gcc-arm-none-eabi-10.3-2021.10/bin/../lib/gcc/arm-none-eabi/10.3.1/../../../../arm-none-eabi/lib/thumb/v7e-m+fp/hard\libc_nano.a(lib_a-errno.o)
 .ARM.attributes
                0x000005a7       0x34 c:/users/xidon/program/arm_gcc/gcc-arm-none-eabi-10.3-2021.10/bin/../lib/gcc/arm-none-eabi/10.3.1/../../../../arm-none-eabi/lib/thumb/v7e-m+fp/hard\libc_nano.a(lib_a-impure.o)
 .ARM.attributes
                0x000005db       0x34 c:/users/xidon/program/arm_gcc/gcc-arm-none-eabi-10.3-2021.10/bin/../lib/gcc/arm-none-eabi/10.3.1/../../../../arm-none-eabi/lib/thumb/v7e-m+fp/hard\libc_nano.a(lib_a-init.o)
 .ARM.attributes
                0x0000060f       0x34 c:/users/xidon/program/arm_gcc/gcc-arm-none-eabi-10.3-2021.10/bin/../lib/gcc/arm-none-eabi/10.3.1/../../../../arm-none-eabi/lib/thumb/v7e-m+fp/hard\libc_nano.a(lib_a-memcpy-stub.o)
 .ARM.attributes
                0x00000643       0x34 c:/users/xidon/program/arm_gcc/gcc-arm-none-eabi-10.3-2021.10/bin/../lib/gcc/arm-none-eabi/10.3.1/../../../../arm-none-eabi/lib/thumb/v7e-m+fp/hard\libc_nano.a(lib_a-memset.o)
 .ARM.attributes
                0x00000677       0x34 c:/users/xidon/program/arm_gcc/gcc-arm-none-eabi-10.3-2021.10/bin/../lib/gcc/arm-none-eabi/10.3.1/../../../../arm-none-eabi/lib/thumb/v7e-m+fp/hard\libc_nano.a(lib_a-printf.o)
 .ARM.attributes
                0x000006ab       0x34 c:/users/xidon/program/arm_gcc/gcc-arm-none-eabi-10.3-2021.10/bin/../lib/gcc/arm-none-eabi/10.3.1/../../../../arm-none-eabi/lib/thumb/v7e-m+fp/hard\libc_nano.a(lib_a-puts.o)
 .ARM.attributes
                0x000006df       0x34 c:/users/xidon/program/arm_gcc/gcc-arm-none-eabi-10.3-2021.10/bin/../lib/gcc/arm-none-eabi/10.3.1/../../../../arm-none-eabi/lib/thumb/v7e-m+fp/hard\libc_nano.a(lib_a-wbuf.o)
 .ARM.attributes
                0x00000713       0x34 c:/users/xidon/program/arm_gcc/gcc-arm-none-eabi-10.3-2021.10/bin/../lib/gcc/arm-none-eabi/10.3.1/../../../../arm-none-eabi/lib/thumb/v7e-m+fp/hard\libc_nano.a(lib_a-wsetup.o)
 .ARM.attributes
                0x00000747       0x34 c:/users/xidon/program/arm_gcc/gcc-arm-none-eabi-10.3-2021.10/bin/../lib/gcc/arm-none-eabi/10.3.1/../../../../arm-none-eabi/lib/thumb/v7e-m+fp/hard\libc_nano.a(lib_a-fflush.o)
 .ARM.attributes
                0x0000077b       0x34 c:/users/xidon/program/arm_gcc/gcc-arm-none-eabi-10.3-2021.10/bin/../lib/gcc/arm-none-eabi/10.3.1/../../../../arm-none-eabi/lib/thumb/v7e-m+fp/hard\libc_nano.a(lib_a-findfp.o)
 .ARM.attributes
                0x000007af       0x34 c:/users/xidon/program/arm_gcc/gcc-arm-none-eabi-10.3-2021.10/bin/../lib/gcc/arm-none-eabi/10.3.1/../../../../arm-none-eabi/lib/thumb/v7e-m+fp/hard\libc_nano.a(lib_a-fwalk.o)
 .ARM.attributes
                0x000007e3       0x34 c:/users/xidon/program/arm_gcc/gcc-arm-none-eabi-10.3-2021.10/bin/../lib/gcc/arm-none-eabi/10.3.1/../../../../arm-none-eabi/lib/thumb/v7e-m+fp/hard\libc_nano.a(lib_a-lock.o)
 .ARM.attributes
                0x00000817       0x34 c:/users/xidon/program/arm_gcc/gcc-arm-none-eabi-10.3-2021.10/bin/../lib/gcc/arm-none-eabi/10.3.1/../../../../arm-none-eabi/lib/thumb/v7e-m+fp/hard\libc_nano.a(lib_a-makebuf.o)
 .ARM.attributes
                0x0000084b       0x34 c:/users/xidon/program/arm_gcc/gcc-arm-none-eabi-10.3-2021.10/bin/../lib/gcc/arm-none-eabi/10.3.1/../../../../arm-none-eabi/lib/thumb/v7e-m+fp/hard\libc_nano.a(lib_a-nano-freer.o)
 .ARM.attributes
                0x0000087f       0x34 c:/users/xidon/program/arm_gcc/gcc-arm-none-eabi-10.3-2021.10/bin/../lib/gcc/arm-none-eabi/10.3.1/../../../../arm-none-eabi/lib/thumb/v7e-m+fp/hard\libc_nano.a(lib_a-nano-mallocr.o)
 .ARM.attributes
                0x000008b3       0x34 c:/users/xidon/program/arm_gcc/gcc-arm-none-eabi-10.3-2021.10/bin/../lib/gcc/arm-none-eabi/10.3.1/../../../../arm-none-eabi/lib/thumb/v7e-m+fp/hard\libc_nano.a(lib_a-nano-vfprintf.o)
 .ARM.attributes
                0x000008e7       0x34 c:/users/xidon/program/arm_gcc/gcc-arm-none-eabi-10.3-2021.10/bin/../lib/gcc/arm-none-eabi/10.3.1/../../../../arm-none-eabi/lib/thumb/v7e-m+fp/hard\libc_nano.a(lib_a-nano-vfprintf_i.o)
 .ARM.attributes
                0x0000091b       0x34 c:/users/xidon/program/arm_gcc/gcc-arm-none-eabi-10.3-2021.10/bin/../lib/gcc/arm-none-eabi/10.3.1/../../../../arm-none-eabi/lib/thumb/v7e-m+fp/hard\libc_nano.a(lib_a-sbrkr.o)
 .ARM.attributes
                0x0000094f       0x34 c:/users/xidon/program/arm_gcc/gcc-arm-none-eabi-10.3-2021.10/bin/../lib/gcc/arm-none-eabi/10.3.1/../../../../arm-none-eabi/lib/thumb/v7e-m+fp/hard\libc_nano.a(lib_a-stdio.o)
 .ARM.attributes
                0x00000983       0x34 c:/users/xidon/program/arm_gcc/gcc-arm-none-eabi-10.3-2021.10/bin/../lib/gcc/arm-none-eabi/10.3.1/../../../../arm-none-eabi/lib/thumb/v7e-m+fp/hard\libc_nano.a(lib_a-writer.o)
 .ARM.attributes
                0x000009b7       0x34 c:/users/xidon/program/arm_gcc/gcc-arm-none-eabi-10.3-2021.10/bin/../lib/gcc/arm-none-eabi/10.3.1/../../../../arm-none-eabi/lib/thumb/v7e-m+fp/hard\libc_nano.a(lib_a-closer.o)
 .ARM.attributes
                0x000009eb       0x34 c:/users/xidon/program/arm_gcc/gcc-arm-none-eabi-10.3-2021.10/bin/../lib/gcc/arm-none-eabi/10.3.1/../../../../arm-none-eabi/lib/thumb/v7e-m+fp/hard\libc_nano.a(lib_a-fstatr.o)
 .ARM.attributes
                0x00000a1f       0x34 c:/users/xidon/program/arm_gcc/gcc-arm-none-eabi-10.3-2021.10/bin/../lib/gcc/arm-none-eabi/10.3.1/../../../../arm-none-eabi/lib/thumb/v7e-m+fp/hard\libc_nano.a(lib_a-isattyr.o)
 .ARM.attributes
                0x00000a53       0x34 c:/users/xidon/program/arm_gcc/gcc-arm-none-eabi-10.3-2021.10/bin/../lib/gcc/arm-none-eabi/10.3.1/../../../../arm-none-eabi/lib/thumb/v7e-m+fp/hard\libc_nano.a(lib_a-lseekr.o)
 .ARM.attributes
                0x00000a87       0x1c c:/users/xidon/program/arm_gcc/gcc-arm-none-eabi-10.3-2021.10/bin/../lib/gcc/arm-none-eabi/10.3.1/../../../../arm-none-eabi/lib/thumb/v7e-m+fp/hard\libc_nano.a(lib_a-memchr.o)
 .ARM.attributes
                0x00000aa3       0x34 c:/users/xidon/program/arm_gcc/gcc-arm-none-eabi-10.3-2021.10/bin/../lib/gcc/arm-none-eabi/10.3.1/../../../../arm-none-eabi/lib/thumb/v7e-m+fp/hard\libc_nano.a(lib_a-mlock.o)
 .ARM.attributes
                0x00000ad7       0x34 c:/users/xidon/program/arm_gcc/gcc-arm-none-eabi-10.3-2021.10/bin/../lib/gcc/arm-none-eabi/10.3.1/../../../../arm-none-eabi/lib/thumb/v7e-m+fp/hard\libc_nano.a(lib_a-readr.o)
 .ARM.attributes
                0x00000b0b       0x34 c:/users/xidon/program/arm_gcc/gcc-arm-none-eabi-10.3-2021.10/bin/../lib/gcc/arm-none-eabi/10.3.1/../../../../arm-none-eabi/lib/thumb/v7e-m+fp/hard\libc_nano.a(lib_a-reent.o)
 .ARM.attributes
                0x00000b3f       0x1e c:/users/xidon/program/arm_gcc/gcc-arm-none-eabi-10.3-2021.10/bin/../lib/gcc/arm-none-eabi/10.3.1/thumb/v7e-m+fp/hard\libgcc.a(_aeabi_uldivmod.o)
 .ARM.attributes
                0x00000b5d       0x34 c:/users/xidon/program/arm_gcc/gcc-arm-none-eabi-10.3-2021.10/bin/../lib/gcc/arm-none-eabi/10.3.1/thumb/v7e-m+fp/hard\libgcc.a(_udivmoddi4.o)
 .ARM.attributes
                0x00000b91       0x1e c:/users/xidon/program/arm_gcc/gcc-arm-none-eabi-10.3-2021.10/bin/../lib/gcc/arm-none-eabi/10.3.1/thumb/v7e-m+fp/hard\libgcc.a(_dvmd_tls.o)
 .ARM.attributes
                0x00000baf       0x1e c:/users/xidon/program/arm_gcc/gcc-arm-none-eabi-10.3-2021.10/bin/../lib/gcc/arm-none-eabi/10.3.1/thumb/v7e-m+fp/hard/crtn.o
OUTPUT(.\build\gcc/stm32-qemu.elf elf32-littlearm)
LOAD linker stubs
LOAD c:/users/xidon/program/arm_gcc/gcc-arm-none-eabi-10.3-2021.10/bin/../lib/gcc/arm-none-eabi/10.3.1/../../../../arm-none-eabi/lib/thumb/v7e-m+fp/hard\libc.a
LOAD c:/users/xidon/program/arm_gcc/gcc-arm-none-eabi-10.3-2021.10/bin/../lib/gcc/arm-none-eabi/10.3.1/../../../../arm-none-eabi/lib/thumb/v7e-m+fp/hard\libm.a
LOAD c:/users/xidon/program/arm_gcc/gcc-arm-none-eabi-10.3-2021.10/bin/../lib/gcc/arm-none-eabi/10.3.1/thumb/v7e-m+fp/hard\libgcc.a

.debug_info     0x00000000    0x1ee44
 .debug_info    0x00000000     0x1206 .\build\gcc/main.o
 .debug_info    0x00001206      0xe0a .\build\gcc/stm32f4xx_it.o
 .debug_info    0x00002010      0x308 .\build\gcc/gpio.o
 .debug_info    0x00002318      0xd68 .\build\gcc/usart.o
 .debug_info    0x00003080      0x2eb .\build\gcc/stm32f4xx_hal_msp.o
 .debug_info    0x0000336b      0xd7b .\build\gcc/stm32f4xx_hal_timebase_tim.o
 .debug_info    0x000040e6     0x5794 .\build\gcc/stm32f4xx_hal_tim.o
 .debug_info    0x0000987a     0x22b7 .\build\gcc/stm32f4xx_hal_tim_ex.o
 .debug_info    0x0000bb31     0x462e .\build\gcc/stm32f4xx_hal_uart.o
 .debug_info    0x0001015f      0xe83 .\build\gcc/stm32f4xx_hal_rcc.o
 .debug_info    0x00010fe2      0x9de .\build\gcc/stm32f4xx_hal_gpio.o
 .debug_info    0x000119c0      0xdd7 .\build\gcc/stm32f4xx_hal_dma.o
 .debug_info    0x00012797     0x1428 .\build\gcc/stm32f4xx_hal_cortex.o
 .debug_info    0x00013bbf      0xb02 .\build\gcc/stm32f4xx_hal.o
 .debug_info    0x000146c1      0x5b3 .\build\gcc/system_stm32f4xx.o
 .debug_info    0x00014c74      0x952 .\build\gcc/tracer.o
 .debug_info    0x000155c6      0x2cf .\build\gcc/list.o
 .debug_info    0x00015895     0x26c5 .\build\gcc/queue.o
 .debug_info    0x00017f5a     0x3f40 .\build\gcc/tasks.o
 .debug_info    0x0001be9a     0x1a47 .\build\gcc/timers.o
 .debug_info    0x0001d8e1      0x638 .\build\gcc/heap_4.o
 .debug_info    0x0001df19      0x529 .\build\gcc/port.o
 .debug_info    0x0001e442      0x185 .\build\gcc/sysmem.o
 .debug_info    0x0001e5c7      0x835 .\build\gcc/syscalls.o
 .debug_info    0x0001edfc       0x22 .\build\gcc/startup_stm32f405xx.o
 .debug_info    0x0001ee1e       0x26 .\build\gcc/tracer_gcc.o

.debug_abbrev   0x00000000     0x373a
 .debug_abbrev  0x00000000      0x287 .\build\gcc/main.o
 .debug_abbrev  0x00000287      0x228 .\build\gcc/stm32f4xx_it.o
 .debug_abbrev  0x000004af       0xd3 .\build\gcc/gpio.o
 .debug_abbrev  0x00000582      0x1e7 .\build\gcc/usart.o
 .debug_abbrev  0x00000769       0xd3 .\build\gcc/stm32f4xx_hal_msp.o
 .debug_abbrev  0x0000083c      0x202 .\build\gcc/stm32f4xx_hal_timebase_tim.o
 .debug_abbrev  0x00000a3e      0x289 .\build\gcc/stm32f4xx_hal_tim.o
 .debug_abbrev  0x00000cc7      0x29f .\build\gcc/stm32f4xx_hal_tim_ex.o
 .debug_abbrev  0x00000f66      0x356 .\build\gcc/stm32f4xx_hal_uart.o
 .debug_abbrev  0x000012bc      0x2be .\build\gcc/stm32f4xx_hal_rcc.o
 .debug_abbrev  0x0000157a      0x24a .\build\gcc/stm32f4xx_hal_gpio.o
 .debug_abbrev  0x000017c4      0x313 .\build\gcc/stm32f4xx_hal_dma.o
 .debug_abbrev  0x00001ad7      0x3be .\build\gcc/stm32f4xx_hal_cortex.o
 .debug_abbrev  0x00001e95      0x209 .\build\gcc/stm32f4xx_hal.o
 .debug_abbrev  0x0000209e      0x11b .\build\gcc/system_stm32f4xx.o
 .debug_abbrev  0x000021b9      0x263 .\build\gcc/tracer.o
 .debug_abbrev  0x0000241c      0x11d .\build\gcc/list.o
 .debug_abbrev  0x00002539      0x36b .\build\gcc/queue.o
 .debug_abbrev  0x000028a4      0x3b4 .\build\gcc/tasks.o
 .debug_abbrev  0x00002c58      0x33e .\build\gcc/timers.o
 .debug_abbrev  0x00002f96      0x25e .\build\gcc/heap_4.o
 .debug_abbrev  0x000031f4      0x272 .\build\gcc/port.o
 .debug_abbrev  0x00003466       0xea .\build\gcc/sysmem.o
 .debug_abbrev  0x00003550      0x1c4 .\build\gcc/syscalls.o
 .debug_abbrev  0x00003714       0x12 .\build\gcc/startup_stm32f405xx.o
 .debug_abbrev  0x00003726       0x14 .\build\gcc/tracer_gcc.o

.debug_loc      0x00000000    0x16dc3
 .debug_loc     0x00000000      0x2c4 .\build\gcc/main.o
 .debug_loc     0x000002c4      0x1ca .\build\gcc/stm32f4xx_it.o
 .debug_loc     0x0000048e       0x2c .\build\gcc/gpio.o
 .debug_loc     0x000004ba      0x108 .\build\gcc/usart.o
 .debug_loc     0x000005c2       0x2c .\build\gcc/stm32f4xx_hal_msp.o
 .debug_loc     0x000005ee      0x136 .\build\gcc/stm32f4xx_hal_timebase_tim.o
 .debug_loc     0x00000724     0x45e8 .\build\gcc/stm32f4xx_hal_tim.o
 .debug_loc     0x00004d0c     0x1b2d .\build\gcc/stm32f4xx_hal_tim_ex.o
 .debug_loc     0x00006839     0x4cab .\build\gcc/stm32f4xx_hal_uart.o
 .debug_loc     0x0000b4e4      0x6c7 .\build\gcc/stm32f4xx_hal_rcc.o
 .debug_loc     0x0000bbab      0x793 .\build\gcc/stm32f4xx_hal_gpio.o
 .debug_loc     0x0000c33e      0xcc7 .\build\gcc/stm32f4xx_hal_dma.o
 .debug_loc     0x0000d005      0xaae .\build\gcc/stm32f4xx_hal_cortex.o
 .debug_loc     0x0000dab3      0x1d0 .\build\gcc/stm32f4xx_hal.o
 .debug_loc     0x0000dc83      0x158 .\build\gcc/system_stm32f4xx.o
 .debug_loc     0x0000dddb      0x445 .\build\gcc/tracer.o
 .debug_loc     0x0000e220       0xe5 .\build\gcc/list.o
 .debug_loc     0x0000e305     0x27fb .\build\gcc/queue.o
 .debug_loc     0x00010b00     0x3f84 .\build\gcc/tasks.o
 .debug_loc     0x00014a84     0x15be .\build\gcc/timers.o
 .debug_loc     0x00016042      0x567 .\build\gcc/heap_4.o
 .debug_loc     0x000165a9      0x285 .\build\gcc/port.o
 .debug_loc     0x0001682e       0x84 .\build\gcc/sysmem.o
 .debug_loc     0x000168b2      0x511 .\build\gcc/syscalls.o

.debug_aranges  0x00000000     0x1408
 .debug_aranges
                0x00000000       0x78 .\build\gcc/main.o
 .debug_aranges
                0x00000078       0x80 .\build\gcc/stm32f4xx_it.o
 .debug_aranges
                0x000000f8       0x20 .\build\gcc/gpio.o
 .debug_aranges
                0x00000118       0x30 .\build\gcc/usart.o
 .debug_aranges
                0x00000148       0x20 .\build\gcc/stm32f4xx_hal_msp.o
 .debug_aranges
                0x00000168       0x30 .\build\gcc/stm32f4xx_hal_timebase_tim.o
 .debug_aranges
                0x00000198      0x3d0 .\build\gcc/stm32f4xx_hal_tim.o
 .debug_aranges
                0x00000568      0x168 .\build\gcc/stm32f4xx_hal_tim_ex.o
 .debug_aranges
                0x000006d0      0x208 .\build\gcc/stm32f4xx_hal_uart.o
 .debug_aranges
                0x000008d8       0x88 .\build\gcc/stm32f4xx_hal_rcc.o
 .debug_aranges
                0x00000960       0x58 .\build\gcc/stm32f4xx_hal_gpio.o
 .debug_aranges
                0x000009b8       0x90 .\build\gcc/stm32f4xx_hal_dma.o
 .debug_aranges
                0x00000a48       0xb0 .\build\gcc/stm32f4xx_hal_cortex.o
 .debug_aranges
                0x00000af8       0xf0 .\build\gcc/stm32f4xx_hal.o
 .debug_aranges
                0x00000be8       0x28 .\build\gcc/system_stm32f4xx.o
 .debug_aranges
                0x00000c10       0x68 .\build\gcc/tracer.o
 .debug_aranges
                0x00000c78       0x40 .\build\gcc/list.o
 .debug_aranges
                0x00000cb8      0x180 .\build\gcc/queue.o
 .debug_aranges
                0x00000e38      0x2b8 .\build\gcc/tasks.o
 .debug_aranges
                0x000010f0      0x118 .\build\gcc/timers.o
 .debug_aranges
                0x00001208       0x70 .\build\gcc/heap_4.o
 .debug_aranges
                0x00001278       0x80 .\build\gcc/port.o
 .debug_aranges
                0x000012f8       0x20 .\build\gcc/sysmem.o
 .debug_aranges
                0x00001318       0xa8 .\build\gcc/syscalls.o
 .debug_aranges
                0x000013c0       0x28 .\build\gcc/startup_stm32f405xx.o
 .debug_aranges
                0x000013e8       0x20 .\build\gcc/tracer_gcc.o

.debug_ranges   0x00000000     0x16c0
 .debug_ranges  0x00000000       0x68 .\build\gcc/main.o
 .debug_ranges  0x00000068       0x70 .\build\gcc/stm32f4xx_it.o
 .debug_ranges  0x000000d8       0x10 .\build\gcc/gpio.o
 .debug_ranges  0x000000e8       0x20 .\build\gcc/usart.o
 .debug_ranges  0x00000108       0x10 .\build\gcc/stm32f4xx_hal_msp.o
 .debug_ranges  0x00000118       0x20 .\build\gcc/stm32f4xx_hal_timebase_tim.o
 .debug_ranges  0x00000138      0x3c0 .\build\gcc/stm32f4xx_hal_tim.o
 .debug_ranges  0x000004f8      0x158 .\build\gcc/stm32f4xx_hal_tim_ex.o
 .debug_ranges  0x00000650      0x210 .\build\gcc/stm32f4xx_hal_uart.o
 .debug_ranges  0x00000860       0x90 .\build\gcc/stm32f4xx_hal_rcc.o
 .debug_ranges  0x000008f0       0x48 .\build\gcc/stm32f4xx_hal_gpio.o
 .debug_ranges  0x00000938       0x80 .\build\gcc/stm32f4xx_hal_dma.o
 .debug_ranges  0x000009b8      0x130 .\build\gcc/stm32f4xx_hal_cortex.o
 .debug_ranges  0x00000ae8       0xe0 .\build\gcc/stm32f4xx_hal.o
 .debug_ranges  0x00000bc8       0x18 .\build\gcc/system_stm32f4xx.o
 .debug_ranges  0x00000be0       0x70 .\build\gcc/tracer.o
 .debug_ranges  0x00000c50       0x30 .\build\gcc/list.o
 .debug_ranges  0x00000c80      0x248 .\build\gcc/queue.o
 .debug_ranges  0x00000ec8      0x558 .\build\gcc/tasks.o
 .debug_ranges  0x00001420      0x108 .\build\gcc/timers.o
 .debug_ranges  0x00001528       0x60 .\build\gcc/heap_4.o
 .debug_ranges  0x00001588       0x70 .\build\gcc/port.o
 .debug_ranges  0x000015f8       0x10 .\build\gcc/sysmem.o
 .debug_ranges  0x00001608       0x98 .\build\gcc/syscalls.o
 .debug_ranges  0x000016a0       0x20 .\build\gcc/startup_stm32f405xx.o

.debug_line     0x00000000    0x1921b
 .debug_line    0x00000000      0x568 .\build\gcc/main.o
 .debug_line    0x00000568      0x4b0 .\build\gcc/stm32f4xx_it.o
 .debug_line    0x00000a18      0x16f .\build\gcc/gpio.o
 .debug_line    0x00000b87      0x310 .\build\gcc/usart.o
 .debug_line    0x00000e97      0x176 .\build\gcc/stm32f4xx_hal_msp.o
 .debug_line    0x0000100d      0x30a .\build\gcc/stm32f4xx_hal_timebase_tim.o
 .debug_line    0x00001317     0x687e .\build\gcc/stm32f4xx_hal_tim.o
 .debug_line    0x00007b95     0x21a9 .\build\gcc/stm32f4xx_hal_tim_ex.o
 .debug_line    0x00009d3e     0x44f8 .\build\gcc/stm32f4xx_hal_uart.o
 .debug_line    0x0000e236      0xcab .\build\gcc/stm32f4xx_hal_rcc.o
 .debug_line    0x0000eee1      0x885 .\build\gcc/stm32f4xx_hal_gpio.o
 .debug_line    0x0000f766     0x1014 .\build\gcc/stm32f4xx_hal_dma.o
 .debug_line    0x0001077a      0x8f2 .\build\gcc/stm32f4xx_hal_cortex.o
 .debug_line    0x0001106c      0x5c2 .\build\gcc/stm32f4xx_hal.o
 .debug_line    0x0001162e      0x26f .\build\gcc/system_stm32f4xx.o
 .debug_line    0x0001189d      0x600 .\build\gcc/tracer.o
 .debug_line    0x00011e9d      0x38a .\build\gcc/list.o
 .debug_line    0x00012227     0x1850 .\build\gcc/queue.o
 .debug_line    0x00013a77     0x37ba .\build\gcc/tasks.o
 .debug_line    0x00017231      0xc1c .\build\gcc/timers.o
 .debug_line    0x00017e4d      0x760 .\build\gcc/heap_4.o
 .debug_line    0x000185ad      0x584 .\build\gcc/port.o
 .debug_line    0x00018b31      0x1e8 .\build\gcc/sysmem.o
 .debug_line    0x00018d19      0x41d .\build\gcc/syscalls.o
 .debug_line    0x00019136       0x84 .\build\gcc/startup_stm32f405xx.o
 .debug_line    0x000191ba       0x61 .\build\gcc/tracer_gcc.o

.debug_str      0x00000000     0x68a8
 .debug_str     0x00000000      0x9e6 .\build\gcc/main.o
                                0xab4 (size before relaxing)
 .debug_str     0x000009e6      0x41f .\build\gcc/stm32f4xx_it.o
                                0xa94 (size before relaxing)
 .debug_str     0x00000e05       0x13 .\build\gcc/gpio.o
                                0x2ba (size before relaxing)
 .debug_str     0x00000e18      0x5e0 .\build\gcc/usart.o
                                0xd38 (size before relaxing)
 .debug_str     0x000013f8       0x2c .\build\gcc/stm32f4xx_hal_msp.o
                                0x2c6 (size before relaxing)
 .debug_str     0x00001424      0x113 .\build\gcc/stm32f4xx_hal_timebase_tim.o
                                0xe4c (size before relaxing)
 .debug_str     0x00001537      0xf16 .\build\gcc/stm32f4xx_hal_tim.o
                               0x16f4 (size before relaxing)
 .debug_str     0x0000244d      0x594 .\build\gcc/stm32f4xx_hal_tim_ex.o
                                0xee5 (size before relaxing)
 .debug_str     0x000029e1      0x668 .\build\gcc/stm32f4xx_hal_uart.o
                                0xdb4 (size before relaxing)
 .debug_str     0x00003049      0x192 .\build\gcc/stm32f4xx_hal_rcc.o
                                0x71f (size before relaxing)
 .debug_str     0x000031db      0x156 .\build\gcc/stm32f4xx_hal_gpio.o
                                0x4f9 (size before relaxing)
 .debug_str     0x00003331      0x2c3 .\build\gcc/stm32f4xx_hal_dma.o
                                0x78f (size before relaxing)
 .debug_str     0x000035f4      0x4de .\build\gcc/stm32f4xx_hal_cortex.o
                                0xc4f (size before relaxing)
 .debug_str     0x00003ad2      0x267 .\build\gcc/stm32f4xx_hal.o
                                0xb64 (size before relaxing)
 .debug_str     0x00003d39       0x4a .\build\gcc/system_stm32f4xx.o
                                0x380 (size before relaxing)
 .debug_str     0x00003d83      0x123 .\build\gcc/tracer.o
                                0x37a (size before relaxing)
 .debug_str     0x00003ea6      0x12f .\build\gcc/list.o
                                0x2ec (size before relaxing)
 .debug_str     0x00003fd5      0xa3b .\build\gcc/queue.o
                                0xd82 (size before relaxing)
 .debug_str     0x00004a10     0x1154 .\build\gcc/tasks.o
                               0x17f2 (size before relaxing)
 .debug_str     0x00005b64      0x5df .\build\gcc/timers.o
                                0xc7d (size before relaxing)
 .debug_str     0x00006143      0x312 .\build\gcc/heap_4.o
                                0x566 (size before relaxing)
 .debug_str     0x00006455      0x195 .\build\gcc/port.o
                                0x50d (size before relaxing)
 .debug_str     0x000065ea       0x6b .\build\gcc/sysmem.o
                                0x232 (size before relaxing)
 .debug_str     0x00006655      0x1fb .\build\gcc/syscalls.o
                                0x406 (size before relaxing)
 .debug_str     0x00006850       0x32 .\build\gcc/startup_stm32f405xx.o
                                 0x80 (size before relaxing)
 .debug_str     0x00006882       0x26 .\build\gcc/tracer_gcc.o
                                 0x82 (size before relaxing)

.comment        0x00000000       0x49
 .comment       0x00000000       0x49 .\build\gcc/main.o
                                 0x4a (size before relaxing)
 .comment       0x00000049       0x4a .\build\gcc/stm32f4xx_it.o
 .comment       0x00000049       0x4a .\build\gcc/gpio.o
 .comment       0x00000049       0x4a .\build\gcc/usart.o
 .comment       0x00000049       0x4a .\build\gcc/stm32f4xx_hal_msp.o
 .comment       0x00000049       0x4a .\build\gcc/stm32f4xx_hal_timebase_tim.o
 .comment       0x00000049       0x4a .\build\gcc/stm32f4xx_hal_tim.o
 .comment       0x00000049       0x4a .\build\gcc/stm32f4xx_hal_tim_ex.o
 .comment       0x00000049       0x4a .\build\gcc/stm32f4xx_hal_uart.o
 .comment       0x00000049       0x4a .\build\gcc/stm32f4xx_hal_rcc.o
 .comment       0x00000049       0x4a .\build\gcc/stm32f4xx_hal_gpio.o
 .comment       0x00000049       0x4a .\build\gcc/stm32f4xx_hal_dma.o
 .comment       0x00000049       0x4a .\build\gcc/stm32f4xx_hal_cortex.o
 .comment       0x00000049       0x4a .\build\gcc/stm32f4xx_hal.o
 .comment       0x00000049       0x4a .\build\gcc/system_stm32f4xx.o
 .comment       0x00000049       0x4a .\build\gcc/tracer.o
 .comment       0x00000049       0x4a .\build\gcc/list.o
 .comment       0x00000049       0x4a .\build\gcc/queue.o
 .comment       0x00000049       0x4a .\build\gcc/tasks.o
 .comment       0x00000049       0x4a .\build\gcc/timers.o
 .comment       0x00000049       0x4a .\build\gcc/heap_4.o
 .comment       0x00000049       0x4a .\build\gcc/port.o
 .comment       0x00000049       0x4a .\build\gcc/sysmem.o
 .comment       0x00000049       0x4a .\build\gcc/syscalls.o

.debug_frame    0x00000000     0x4030
 .debug_frame   0x00000000      0x144 .\build\gcc/main.o
 .debug_frame   0x00000144      0x140 .\build\gcc/stm32f4xx_it.o
 .debug_frame   0x00000284       0x28 .\build\gcc/gpio.o
 .debug_frame   0x000002ac       0x60 .\build\gcc/usart.o
 .debug_frame   0x0000030c       0x28 .\build\gcc/stm32f4xx_hal_msp.o
 .debug_frame   0x00000334       0x54 .\build\gcc/stm32f4xx_hal_timebase_tim.o
 .debug_frame   0x00000388      0xbd8 .\build\gcc/stm32f4xx_hal_tim.o
 .debug_frame   0x00000f60      0x468 .\build\gcc/stm32f4xx_hal_tim_ex.o
 .debug_frame   0x000013c8      0x604 .\build\gcc/stm32f4xx_hal_uart.o
 .debug_frame   0x000019cc      0x16c .\build\gcc/stm32f4xx_hal_rcc.o
 .debug_frame   0x00001b38       0xf8 .\build\gcc/stm32f4xx_hal_gpio.o
 .debug_frame   0x00001c30      0x190 .\build\gcc/stm32f4xx_hal_dma.o
 .debug_frame   0x00001dc0      0x1ac .\build\gcc/stm32f4xx_hal_cortex.o
 .debug_frame   0x00001f6c      0x1f0 .\build\gcc/stm32f4xx_hal.o
 .debug_frame   0x0000215c       0x30 .\build\gcc/system_stm32f4xx.o
 .debug_frame   0x0000218c       0xf4 .\build\gcc/tracer.o
 .debug_frame   0x00002280       0x70 .\build\gcc/list.o
 .debug_frame   0x000022f0      0x4f0 .\build\gcc/queue.o
 .debug_frame   0x000027e0      0x854 .\build\gcc/tasks.o
 .debug_frame   0x00003034      0x348 .\build\gcc/timers.o
 .debug_frame   0x0000337c      0x10c .\build\gcc/heap_4.o
 .debug_frame   0x00003488      0x104 .\build\gcc/port.o
 .debug_frame   0x0000358c       0x28 .\build\gcc/sysmem.o
 .debug_frame   0x000035b4      0x190 .\build\gcc/syscalls.o
 .debug_frame   0x00003744       0x20 c:/users/xidon/program/arm_gcc/gcc-arm-none-eabi-10.3-2021.10/bin/../lib/gcc/arm-none-eabi/10.3.1/../../../../arm-none-eabi/lib/thumb/v7e-m+fp/hard\libc_nano.a(lib_a-errno.o)
 .debug_frame   0x00003764       0x2c c:/users/xidon/program/arm_gcc/gcc-arm-none-eabi-10.3-2021.10/bin/../lib/gcc/arm-none-eabi/10.3.1/../../../../arm-none-eabi/lib/thumb/v7e-m+fp/hard\libc_nano.a(lib_a-init.o)
 .debug_frame   0x00003790       0x28 c:/users/xidon/program/arm_gcc/gcc-arm-none-eabi-10.3-2021.10/bin/../lib/gcc/arm-none-eabi/10.3.1/../../../../arm-none-eabi/lib/thumb/v7e-m+fp/hard\libc_nano.a(lib_a-memcpy-stub.o)
 .debug_frame   0x000037b8       0x20 c:/users/xidon/program/arm_gcc/gcc-arm-none-eabi-10.3-2021.10/bin/../lib/gcc/arm-none-eabi/10.3.1/../../../../arm-none-eabi/lib/thumb/v7e-m+fp/hard\libc_nano.a(lib_a-memset.o)
 .debug_frame   0x000037d8       0x74 c:/users/xidon/program/arm_gcc/gcc-arm-none-eabi-10.3-2021.10/bin/../lib/gcc/arm-none-eabi/10.3.1/../../../../arm-none-eabi/lib/thumb/v7e-m+fp/hard\libc_nano.a(lib_a-printf.o)
 .debug_frame   0x0000384c       0x3c c:/users/xidon/program/arm_gcc/gcc-arm-none-eabi-10.3-2021.10/bin/../lib/gcc/arm-none-eabi/10.3.1/../../../../arm-none-eabi/lib/thumb/v7e-m+fp/hard\libc_nano.a(lib_a-puts.o)
 .debug_frame   0x00003888       0x40 c:/users/xidon/program/arm_gcc/gcc-arm-none-eabi-10.3-2021.10/bin/../lib/gcc/arm-none-eabi/10.3.1/../../../../arm-none-eabi/lib/thumb/v7e-m+fp/hard\libc_nano.a(lib_a-wbuf.o)
 .debug_frame   0x000038c8       0x2c c:/users/xidon/program/arm_gcc/gcc-arm-none-eabi-10.3-2021.10/bin/../lib/gcc/arm-none-eabi/10.3.1/../../../../arm-none-eabi/lib/thumb/v7e-m+fp/hard\libc_nano.a(lib_a-wsetup.o)
 .debug_frame   0x000038f4       0x5c c:/users/xidon/program/arm_gcc/gcc-arm-none-eabi-10.3-2021.10/bin/../lib/gcc/arm-none-eabi/10.3.1/../../../../arm-none-eabi/lib/thumb/v7e-m+fp/hard\libc_nano.a(lib_a-fflush.o)
 .debug_frame   0x00003950      0x14c c:/users/xidon/program/arm_gcc/gcc-arm-none-eabi-10.3-2021.10/bin/../lib/gcc/arm-none-eabi/10.3.1/../../../../arm-none-eabi/lib/thumb/v7e-m+fp/hard\libc_nano.a(lib_a-findfp.o)
 .debug_frame   0x00003a9c       0x54 c:/users/xidon/program/arm_gcc/gcc-arm-none-eabi-10.3-2021.10/bin/../lib/gcc/arm-none-eabi/10.3.1/../../../../arm-none-eabi/lib/thumb/v7e-m+fp/hard\libc_nano.a(lib_a-fwalk.o)
 .debug_frame   0x00003af0       0xb0 c:/users/xidon/program/arm_gcc/gcc-arm-none-eabi-10.3-2021.10/bin/../lib/gcc/arm-none-eabi/10.3.1/../../../../arm-none-eabi/lib/thumb/v7e-m+fp/hard\libc_nano.a(lib_a-lock.o)
 .debug_frame   0x00003ba0       0x58 c:/users/xidon/program/arm_gcc/gcc-arm-none-eabi-10.3-2021.10/bin/../lib/gcc/arm-none-eabi/10.3.1/../../../../arm-none-eabi/lib/thumb/v7e-m+fp/hard\libc_nano.a(lib_a-makebuf.o)
 .debug_frame   0x00003bf8       0x38 c:/users/xidon/program/arm_gcc/gcc-arm-none-eabi-10.3-2021.10/bin/../lib/gcc/arm-none-eabi/10.3.1/../../../../arm-none-eabi/lib/thumb/v7e-m+fp/hard\libc_nano.a(lib_a-nano-freer.o)
 .debug_frame   0x00003c30       0x4c c:/users/xidon/program/arm_gcc/gcc-arm-none-eabi-10.3-2021.10/bin/../lib/gcc/arm-none-eabi/10.3.1/../../../../arm-none-eabi/lib/thumb/v7e-m+fp/hard\libc_nano.a(lib_a-nano-mallocr.o)
 .debug_frame   0x00003c7c       0xac c:/users/xidon/program/arm_gcc/gcc-arm-none-eabi-10.3-2021.10/bin/../lib/gcc/arm-none-eabi/10.3.1/../../../../arm-none-eabi/lib/thumb/v7e-m+fp/hard\libc_nano.a(lib_a-nano-vfprintf.o)
 .debug_frame   0x00003d28       0x60 c:/users/xidon/program/arm_gcc/gcc-arm-none-eabi-10.3-2021.10/bin/../lib/gcc/arm-none-eabi/10.3.1/../../../../arm-none-eabi/lib/thumb/v7e-m+fp/hard\libc_nano.a(lib_a-nano-vfprintf_i.o)
 .debug_frame   0x00003d88       0x2c c:/users/xidon/program/arm_gcc/gcc-arm-none-eabi-10.3-2021.10/bin/../lib/gcc/arm-none-eabi/10.3.1/../../../../arm-none-eabi/lib/thumb/v7e-m+fp/hard\libc_nano.a(lib_a-sbrkr.o)
 .debug_frame   0x00003db4       0x88 c:/users/xidon/program/arm_gcc/gcc-arm-none-eabi-10.3-2021.10/bin/../lib/gcc/arm-none-eabi/10.3.1/../../../../arm-none-eabi/lib/thumb/v7e-m+fp/hard\libc_nano.a(lib_a-stdio.o)
 .debug_frame   0x00003e3c       0x2c c:/users/xidon/program/arm_gcc/gcc-arm-none-eabi-10.3-2021.10/bin/../lib/gcc/arm-none-eabi/10.3.1/../../../../arm-none-eabi/lib/thumb/v7e-m+fp/hard\libc_nano.a(lib_a-writer.o)
 .debug_frame   0x00003e68       0x2c c:/users/xidon/program/arm_gcc/gcc-arm-none-eabi-10.3-2021.10/bin/../lib/gcc/arm-none-eabi/10.3.1/../../../../arm-none-eabi/lib/thumb/v7e-m+fp/hard\libc_nano.a(lib_a-closer.o)
 .debug_frame   0x00003e94       0x2c c:/users/xidon/program/arm_gcc/gcc-arm-none-eabi-10.3-2021.10/bin/../lib/gcc/arm-none-eabi/10.3.1/../../../../arm-none-eabi/lib/thumb/v7e-m+fp/hard\libc_nano.a(lib_a-fstatr.o)